[2026-02-09 11:22:51,412] INFO in logger: ==================================================
[2026-02-09 11:22:51,413] INFO in logger: Company Portal запущен в PRODUCTION режиме
[2026-02-09 11:22:51,414] INFO in logger: ==================================================
[2026-02-09 11:22:54,876] INFO in logger: ==================================================
[2026-02-09 11:22:54,879] INFO in logger: Company Portal запущен в PRODUCTION режиме
[2026-02-09 11:22:54,881] INFO in logger: ==================================================
[2026-02-09 11:27:26,805] INFO in logger: ==================================================
[2026-02-09 11:27:26,807] INFO in logger: Company Portal запущен в PRODUCTION режиме
[2026-02-09 11:27:26,808] INFO in logger: ==================================================
[2026-02-09 11:27:33,140] INFO in logger: ==================================================
[2026-02-09 11:27:33,141] INFO in logger: Company Portal запущен в PRODUCTION режиме
[2026-02-09 11:27:33,142] INFO in logger: ==================================================
[2026-02-09 11:27:43,910] INFO in logger: ==================================================
[2026-02-09 11:27:43,911] INFO in logger: Company Portal запущен в PRODUCTION режиме
[2026-02-09 11:27:43,912] INFO in logger: ==================================================
[2026-02-09 11:28:06,296] INFO in logger: ==================================================
[2026-02-09 11:28:06,296] INFO in logger: Company Portal запущен в PRODUCTION режиме
[2026-02-09 11:28:06,298] INFO in logger: ==================================================
[2026-02-09 11:29:17,172] INFO in logger: ==================================================
[2026-02-09 11:29:17,173] INFO in logger: Company Portal запущен в PRODUCTION режиме
[2026-02-09 11:29:17,174] INFO in logger: ==================================================
[2026-02-09 11:29:30,917] ERROR in app: Exception on /feedback [GET]
Traceback (most recent call last):
  File "C:\Users\direct01\AppData\Local\Programs\Python\Python311\Lib\site-packages\flask\app.py", line 1455, in wsgi_app
    response = self.full_dispatch_request()
               ^^^^^^^^^^^^^^^^^^^^^^^^^^^^
  File "C:\Users\direct01\AppData\Local\Programs\Python\Python311\Lib\site-packages\flask\app.py", line 870, in full_dispatch_request
    return self.finalize_request(rv)
           ^^^^^^^^^^^^^^^^^^^^^^^^^
  File "C:\Users\direct01\AppData\Local\Programs\Python\Python311\Lib\site-packages\flask\app.py", line 889, in finalize_request
    response = self.make_response(rv)
               ^^^^^^^^^^^^^^^^^^^^^^
  File "C:\Users\direct01\AppData\Local\Programs\Python\Python311\Lib\site-packages\flask\app.py", line 1161, in make_response
    raise TypeError(
TypeError: The view function for 'feedback' did not return a valid response. The function either returned None or ended without a return statement.
[2026-02-09 11:29:30,920] ERROR in app: Internal Server Error (500): 500 Internal Server Error: The server encountered an internal error and was unable to complete your request. Either the server is overloaded or there is an error in the application.
Traceback (most recent call last):
  File "C:\Users\direct01\AppData\Local\Programs\Python\Python311\Lib\site-packages\flask\app.py", line 1455, in wsgi_app
    response = self.full_dispatch_request()
               ^^^^^^^^^^^^^^^^^^^^^^^^^^^^
  File "C:\Users\direct01\AppData\Local\Programs\Python\Python311\Lib\site-packages\flask\app.py", line 870, in full_dispatch_request
    return self.finalize_request(rv)
           ^^^^^^^^^^^^^^^^^^^^^^^^^
  File "C:\Users\direct01\AppData\Local\Programs\Python\Python311\Lib\site-packages\flask\app.py", line 889, in finalize_request
    response = self.make_response(rv)
               ^^^^^^^^^^^^^^^^^^^^^^
  File "C:\Users\direct01\AppData\Local\Programs\Python\Python311\Lib\site-packages\flask\app.py", line 1161, in make_response
    raise TypeError(
TypeError: The view function for 'feedback' did not return a valid response. The function either returned None or ended without a return statement.
[2026-02-09 11:29:43,800] ERROR in app: Exception on /feedback [GET]
Traceback (most recent call last):
  File "C:\Users\direct01\AppData\Local\Programs\Python\Python311\Lib\site-packages\flask\app.py", line 1455, in wsgi_app
    response = self.full_dispatch_request()
               ^^^^^^^^^^^^^^^^^^^^^^^^^^^^
  File "C:\Users\direct01\AppData\Local\Programs\Python\Python311\Lib\site-packages\flask\app.py", line 870, in full_dispatch_request
    return self.finalize_request(rv)
           ^^^^^^^^^^^^^^^^^^^^^^^^^
  File "C:\Users\direct01\AppData\Local\Programs\Python\Python311\Lib\site-packages\flask\app.py", line 889, in finalize_request
    response = self.make_response(rv)
               ^^^^^^^^^^^^^^^^^^^^^^
  File "C:\Users\direct01\AppData\Local\Programs\Python\Python311\Lib\site-packages\flask\app.py", line 1161, in make_response
    raise TypeError(
TypeError: The view function for 'feedback' did not return a valid response. The function either returned None or ended without a return statement.
[2026-02-09 11:29:43,802] ERROR in app: Internal Server Error (500): 500 Internal Server Error: The server encountered an internal error and was unable to complete your request. Either the server is overloaded or there is an error in the application.
Traceback (most recent call last):
  File "C:\Users\direct01\AppData\Local\Programs\Python\Python311\Lib\site-packages\flask\app.py", line 1455, in wsgi_app
    response = self.full_dispatch_request()
               ^^^^^^^^^^^^^^^^^^^^^^^^^^^^
  File "C:\Users\direct01\AppData\Local\Programs\Python\Python311\Lib\site-packages\flask\app.py", line 870, in full_dispatch_request
    return self.finalize_request(rv)
           ^^^^^^^^^^^^^^^^^^^^^^^^^
  File "C:\Users\direct01\AppData\Local\Programs\Python\Python311\Lib\site-packages\flask\app.py", line 889, in finalize_request
    response = self.make_response(rv)
               ^^^^^^^^^^^^^^^^^^^^^^
  File "C:\Users\direct01\AppData\Local\Programs\Python\Python311\Lib\site-packages\flask\app.py", line 1161, in make_response
    raise TypeError(
TypeError: The view function for 'feedback' did not return a valid response. The function either returned None or ended without a return statement.
[2026-02-09 11:34:07,590] INFO in logger: ==================================================
[2026-02-09 11:34:07,590] INFO in logger: Company Portal запущен в PRODUCTION режиме
[2026-02-09 11:34:07,592] INFO in logger: ==================================================
[2026-02-09 11:34:19,920] INFO in app: Новое обращение от цц: Идея
[2026-02-09 11:37:56,230] INFO in logger: ==================================================
[2026-02-09 11:37:56,231] INFO in logger: Company Portal запущен в PRODUCTION режиме
[2026-02-09 11:37:56,232] INFO in logger: ==================================================
[2026-02-09 11:51:39,127] INFO in logger: ==================================================
[2026-02-09 11:51:39,129] INFO in logger: Company Portal запущен в PRODUCTION режиме
[2026-02-09 11:51:39,130] INFO in logger: ==================================================
[2026-02-09 11:56:40,071] INFO in logger: ==================================================
[2026-02-09 11:56:40,072] INFO in logger: Company Portal запущен в PRODUCTION режиме
[2026-02-09 11:56:40,072] INFO in logger: ==================================================
[2026-02-09 11:56:42,361] INFO in logger: ==================================================
[2026-02-09 11:56:42,363] INFO in logger: Company Portal запущен в PRODUCTION режиме
[2026-02-09 11:56:42,365] INFO in logger: ==================================================
[2026-02-09 11:59:56,244] INFO in logger: ==================================================
[2026-02-09 11:59:56,245] INFO in logger: Company Portal запущен в PRODUCTION режиме
[2026-02-09 11:59:56,246] INFO in logger: ==================================================
[2026-02-09 12:07:43,805] INFO in logger: ==================================================
[2026-02-09 12:07:43,807] INFO in logger: Company Portal запущен в PRODUCTION режиме
[2026-02-09 12:07:43,809] INFO in logger: ==================================================
[2026-02-09 12:07:45,580] INFO in logger: ==================================================
[2026-02-09 12:07:45,581] INFO in logger: Company Portal запущен в PRODUCTION режиме
[2026-02-09 12:07:45,582] INFO in logger: ==================================================
[2026-02-09 12:11:07,019] INFO in logger: ==================================================
[2026-02-09 12:11:07,020] INFO in logger: Company Portal запущен в PRODUCTION режиме
[2026-02-09 12:11:07,020] INFO in logger: ==================================================
[2026-02-09 12:11:08,670] CRITICAL in app: Unhandled exception: (sqlite3.OperationalError) no such column: employee.telegram
[SQL: SELECT employee.id AS employee_id, employee.name AS employee_name, employee.position AS employee_position, employee.birthday AS employee_birthday, employee.email AS employee_email, employee.telegram AS employee_telegram, employee.manager_id AS employee_manager_id 
FROM employee 
WHERE employee.manager_id IS NULL]
(Background on this error at: https://sqlalche.me/e/20/e3q8)
Traceback (most recent call last):
  File "C:\Users\direct01\AppData\Local\Programs\Python\Python311\Lib\site-packages\sqlalchemy\engine\base.py", line 1967, in _exec_single_context
    self.dialect.do_execute(
  File "C:\Users\direct01\AppData\Local\Programs\Python\Python311\Lib\site-packages\sqlalchemy\engine\default.py", line 952, in do_execute
    cursor.execute(statement, parameters)
sqlite3.OperationalError: no such column: employee.telegram

The above exception was the direct cause of the following exception:

Traceback (most recent call last):
  File "C:\Users\direct01\AppData\Local\Programs\Python\Python311\Lib\site-packages\flask\app.py", line 867, in full_dispatch_request
    rv = self.dispatch_request()
         ^^^^^^^^^^^^^^^^^^^^^^^
  File "C:\Users\direct01\AppData\Local\Programs\Python\Python311\Lib\site-packages\flask\app.py", line 852, in dispatch_request
    return self.ensure_sync(self.view_functions[rule.endpoint])(**view_args)
           ^^^^^^^^^^^^^^^^^^^^^^^^^^^^^^^^^^^^^^^^^^^^^^^^^^^^^^^^^^^^^^^^^
  File "C:\Users\direct01\Documents\DIRECT-LINE\company_portal\app.py", line 251, in home
    roots = Employee.query.filter_by(manager_id=None).all()
            ^^^^^^^^^^^^^^^^^^^^^^^^^^^^^^^^^^^^^^^^^^^^^^^
  File "C:\Users\direct01\AppData\Local\Programs\Python\Python311\Lib\site-packages\sqlalchemy\orm\query.py", line 2704, in all
    return self._iter().all()  # type: ignore
           ^^^^^^^^^^^^
  File "C:\Users\direct01\AppData\Local\Programs\Python\Python311\Lib\site-packages\sqlalchemy\orm\query.py", line 2857, in _iter
    result: Union[ScalarResult[_T], Result[_T]] = self.session.execute(
                                                  ^^^^^^^^^^^^^^^^^^^^^
  File "C:\Users\direct01\AppData\Local\Programs\Python\Python311\Lib\site-packages\sqlalchemy\orm\session.py", line 2351, in execute
    return self._execute_internal(
           ^^^^^^^^^^^^^^^^^^^^^^^
  File "C:\Users\direct01\AppData\Local\Programs\Python\Python311\Lib\site-packages\sqlalchemy\orm\session.py", line 2249, in _execute_internal
    result: Result[Any] = compile_state_cls.orm_execute_statement(
                          ^^^^^^^^^^^^^^^^^^^^^^^^^^^^^^^^^^^^^^^^
  File "C:\Users\direct01\AppData\Local\Programs\Python\Python311\Lib\site-packages\sqlalchemy\orm\context.py", line 306, in orm_execute_statement
    result = conn.execute(
             ^^^^^^^^^^^^^
  File "C:\Users\direct01\AppData\Local\Programs\Python\Python311\Lib\site-packages\sqlalchemy\engine\base.py", line 1419, in execute
    return meth(
           ^^^^^
  File "C:\Users\direct01\AppData\Local\Programs\Python\Python311\Lib\site-packages\sqlalchemy\sql\elements.py", line 527, in _execute_on_connection
    return connection._execute_clauseelement(
           ^^^^^^^^^^^^^^^^^^^^^^^^^^^^^^^^^^
  File "C:\Users\direct01\AppData\Local\Programs\Python\Python311\Lib\site-packages\sqlalchemy\engine\base.py", line 1641, in _execute_clauseelement
    ret = self._execute_context(
          ^^^^^^^^^^^^^^^^^^^^^^
  File "C:\Users\direct01\AppData\Local\Programs\Python\Python311\Lib\site-packages\sqlalchemy\engine\base.py", line 1846, in _execute_context
    return self._exec_single_context(
           ^^^^^^^^^^^^^^^^^^^^^^^^^^
  File "C:\Users\direct01\AppData\Local\Programs\Python\Python311\Lib\site-packages\sqlalchemy\engine\base.py", line 1986, in _exec_single_context
    self._handle_dbapi_exception(
  File "C:\Users\direct01\AppData\Local\Programs\Python\Python311\Lib\site-packages\sqlalchemy\engine\base.py", line 2363, in _handle_dbapi_exception
    raise sqlalchemy_exception.with_traceback(exc_info[2]) from e
  File "C:\Users\direct01\AppData\Local\Programs\Python\Python311\Lib\site-packages\sqlalchemy\engine\base.py", line 1967, in _exec_single_context
    self.dialect.do_execute(
  File "C:\Users\direct01\AppData\Local\Programs\Python\Python311\Lib\site-packages\sqlalchemy\engine\default.py", line 952, in do_execute
    cursor.execute(statement, parameters)
sqlalchemy.exc.OperationalError: (sqlite3.OperationalError) no such column: employee.telegram
[SQL: SELECT employee.id AS employee_id, employee.name AS employee_name, employee.position AS employee_position, employee.birthday AS employee_birthday, employee.email AS employee_email, employee.telegram AS employee_telegram, employee.manager_id AS employee_manager_id 
FROM employee 
WHERE employee.manager_id IS NULL]
(Background on this error at: https://sqlalche.me/e/20/e3q8)
[2026-02-09 12:11:08,702] ERROR in app: Exception on / [GET]
Traceback (most recent call last):
  File "C:\Users\direct01\AppData\Local\Programs\Python\Python311\Lib\site-packages\sqlalchemy\engine\base.py", line 1967, in _exec_single_context
    self.dialect.do_execute(
  File "C:\Users\direct01\AppData\Local\Programs\Python\Python311\Lib\site-packages\sqlalchemy\engine\default.py", line 952, in do_execute
    cursor.execute(statement, parameters)
sqlite3.OperationalError: no such column: employee.telegram

The above exception was the direct cause of the following exception:

Traceback (most recent call last):
  File "C:\Users\direct01\AppData\Local\Programs\Python\Python311\Lib\site-packages\flask\app.py", line 867, in full_dispatch_request
    rv = self.dispatch_request()
         ^^^^^^^^^^^^^^^^^^^^^^^
  File "C:\Users\direct01\AppData\Local\Programs\Python\Python311\Lib\site-packages\flask\app.py", line 852, in dispatch_request
    return self.ensure_sync(self.view_functions[rule.endpoint])(**view_args)
           ^^^^^^^^^^^^^^^^^^^^^^^^^^^^^^^^^^^^^^^^^^^^^^^^^^^^^^^^^^^^^^^^^
  File "C:\Users\direct01\Documents\DIRECT-LINE\company_portal\app.py", line 251, in home
    roots = Employee.query.filter_by(manager_id=None).all()
            ^^^^^^^^^^^^^^^^^^^^^^^^^^^^^^^^^^^^^^^^^^^^^^^
  File "C:\Users\direct01\AppData\Local\Programs\Python\Python311\Lib\site-packages\sqlalchemy\orm\query.py", line 2704, in all
    return self._iter().all()  # type: ignore
           ^^^^^^^^^^^^
  File "C:\Users\direct01\AppData\Local\Programs\Python\Python311\Lib\site-packages\sqlalchemy\orm\query.py", line 2857, in _iter
    result: Union[ScalarResult[_T], Result[_T]] = self.session.execute(
                                                  ^^^^^^^^^^^^^^^^^^^^^
  File "C:\Users\direct01\AppData\Local\Programs\Python\Python311\Lib\site-packages\sqlalchemy\orm\session.py", line 2351, in execute
    return self._execute_internal(
           ^^^^^^^^^^^^^^^^^^^^^^^
  File "C:\Users\direct01\AppData\Local\Programs\Python\Python311\Lib\site-packages\sqlalchemy\orm\session.py", line 2249, in _execute_internal
    result: Result[Any] = compile_state_cls.orm_execute_statement(
                          ^^^^^^^^^^^^^^^^^^^^^^^^^^^^^^^^^^^^^^^^
  File "C:\Users\direct01\AppData\Local\Programs\Python\Python311\Lib\site-packages\sqlalchemy\orm\context.py", line 306, in orm_execute_statement
    result = conn.execute(
             ^^^^^^^^^^^^^
  File "C:\Users\direct01\AppData\Local\Programs\Python\Python311\Lib\site-packages\sqlalchemy\engine\base.py", line 1419, in execute
    return meth(
           ^^^^^
  File "C:\Users\direct01\AppData\Local\Programs\Python\Python311\Lib\site-packages\sqlalchemy\sql\elements.py", line 527, in _execute_on_connection
    return connection._execute_clauseelement(
           ^^^^^^^^^^^^^^^^^^^^^^^^^^^^^^^^^^
  File "C:\Users\direct01\AppData\Local\Programs\Python\Python311\Lib\site-packages\sqlalchemy\engine\base.py", line 1641, in _execute_clauseelement
    ret = self._execute_context(
          ^^^^^^^^^^^^^^^^^^^^^^
  File "C:\Users\direct01\AppData\Local\Programs\Python\Python311\Lib\site-packages\sqlalchemy\engine\base.py", line 1846, in _execute_context
    return self._exec_single_context(
           ^^^^^^^^^^^^^^^^^^^^^^^^^^
  File "C:\Users\direct01\AppData\Local\Programs\Python\Python311\Lib\site-packages\sqlalchemy\engine\base.py", line 1986, in _exec_single_context
    self._handle_dbapi_exception(
  File "C:\Users\direct01\AppData\Local\Programs\Python\Python311\Lib\site-packages\sqlalchemy\engine\base.py", line 2363, in _handle_dbapi_exception
    raise sqlalchemy_exception.with_traceback(exc_info[2]) from e
  File "C:\Users\direct01\AppData\Local\Programs\Python\Python311\Lib\site-packages\sqlalchemy\engine\base.py", line 1967, in _exec_single_context
    self.dialect.do_execute(
  File "C:\Users\direct01\AppData\Local\Programs\Python\Python311\Lib\site-packages\sqlalchemy\engine\default.py", line 952, in do_execute
    cursor.execute(statement, parameters)
sqlalchemy.exc.OperationalError: (sqlite3.OperationalError) no such column: employee.telegram
[SQL: SELECT employee.id AS employee_id, employee.name AS employee_name, employee.position AS employee_position, employee.birthday AS employee_birthday, employee.email AS employee_email, employee.telegram AS employee_telegram, employee.manager_id AS employee_manager_id 
FROM employee 
WHERE employee.manager_id IS NULL]
(Background on this error at: https://sqlalche.me/e/20/e3q8)

During handling of the above exception, another exception occurred:

Traceback (most recent call last):
  File "C:\Users\direct01\AppData\Local\Programs\Python\Python311\Lib\site-packages\flask\app.py", line 1455, in wsgi_app
    response = self.full_dispatch_request()
               ^^^^^^^^^^^^^^^^^^^^^^^^^^^^
  File "C:\Users\direct01\AppData\Local\Programs\Python\Python311\Lib\site-packages\flask\app.py", line 869, in full_dispatch_request
    rv = self.handle_user_exception(e)
         ^^^^^^^^^^^^^^^^^^^^^^^^^^^^^
  File "C:\Users\direct01\AppData\Local\Programs\Python\Python311\Lib\site-packages\flask\app.py", line 759, in handle_user_exception
    return self.ensure_sync(handler)(e)
           ^^^^^^^^^^^^^^^^^^^^^^^^^^^^
  File "C:\Users\direct01\Documents\DIRECT-LINE\company_portal\app.py", line 115, in handle_exception
    return render_template('error.html',
           ^^^^^^^^^^^^^^^^^^^^^^^^^^^^^
  File "C:\Users\direct01\AppData\Local\Programs\Python\Python311\Lib\site-packages\flask\templating.py", line 151, in render_template
    template = app.jinja_env.get_or_select_template(template_name_or_list)
               ^^^^^^^^^^^^^^^^^^^^^^^^^^^^^^^^^^^^^^^^^^^^^^^^^^^^^^^^^^^
  File "C:\Users\direct01\AppData\Local\Programs\Python\Python311\Lib\site-packages\jinja2\environment.py", line 1087, in get_or_select_template
    return self.get_template(template_name_or_list, parent, globals)
           ^^^^^^^^^^^^^^^^^^^^^^^^^^^^^^^^^^^^^^^^^^^^^^^^^^^^^^^^^
  File "C:\Users\direct01\AppData\Local\Programs\Python\Python311\Lib\site-packages\jinja2\environment.py", line 1016, in get_template
    return self._load_template(name, globals)
           ^^^^^^^^^^^^^^^^^^^^^^^^^^^^^^^^^^
  File "C:\Users\direct01\AppData\Local\Programs\Python\Python311\Lib\site-packages\jinja2\environment.py", line 975, in _load_template
    template = self.loader.load(self, name, self.make_globals(globals))
               ^^^^^^^^^^^^^^^^^^^^^^^^^^^^^^^^^^^^^^^^^^^^^^^^^^^^^^^^
  File "C:\Users\direct01\AppData\Local\Programs\Python\Python311\Lib\site-packages\jinja2\loaders.py", line 126, in load
    source, filename, uptodate = self.get_source(environment, name)
                                 ^^^^^^^^^^^^^^^^^^^^^^^^^^^^^^^^^^
  File "C:\Users\direct01\AppData\Local\Programs\Python\Python311\Lib\site-packages\flask\templating.py", line 65, in get_source
    return self._get_source_fast(environment, template)
           ^^^^^^^^^^^^^^^^^^^^^^^^^^^^^^^^^^^^^^^^^^^^
  File "C:\Users\direct01\AppData\Local\Programs\Python\Python311\Lib\site-packages\flask\templating.py", line 99, in _get_source_fast
    raise TemplateNotFound(template)
jinja2.exceptions.TemplateNotFound: error.html
[2026-02-09 12:11:08,718] ERROR in app: Internal Server Error (500): 500 Internal Server Error: The server encountered an internal error and was unable to complete your request. Either the server is overloaded or there is an error in the application.
Traceback (most recent call last):
  File "C:\Users\direct01\AppData\Local\Programs\Python\Python311\Lib\site-packages\sqlalchemy\engine\base.py", line 1967, in _exec_single_context
    self.dialect.do_execute(
  File "C:\Users\direct01\AppData\Local\Programs\Python\Python311\Lib\site-packages\sqlalchemy\engine\default.py", line 952, in do_execute
    cursor.execute(statement, parameters)
sqlite3.OperationalError: no such column: employee.telegram

The above exception was the direct cause of the following exception:

Traceback (most recent call last):
  File "C:\Users\direct01\AppData\Local\Programs\Python\Python311\Lib\site-packages\flask\app.py", line 867, in full_dispatch_request
    rv = self.dispatch_request()
         ^^^^^^^^^^^^^^^^^^^^^^^
  File "C:\Users\direct01\AppData\Local\Programs\Python\Python311\Lib\site-packages\flask\app.py", line 852, in dispatch_request
    return self.ensure_sync(self.view_functions[rule.endpoint])(**view_args)
           ^^^^^^^^^^^^^^^^^^^^^^^^^^^^^^^^^^^^^^^^^^^^^^^^^^^^^^^^^^^^^^^^^
  File "C:\Users\direct01\Documents\DIRECT-LINE\company_portal\app.py", line 251, in home
    roots = Employee.query.filter_by(manager_id=None).all()
            ^^^^^^^^^^^^^^^^^^^^^^^^^^^^^^^^^^^^^^^^^^^^^^^
  File "C:\Users\direct01\AppData\Local\Programs\Python\Python311\Lib\site-packages\sqlalchemy\orm\query.py", line 2704, in all
    return self._iter().all()  # type: ignore
           ^^^^^^^^^^^^
  File "C:\Users\direct01\AppData\Local\Programs\Python\Python311\Lib\site-packages\sqlalchemy\orm\query.py", line 2857, in _iter
    result: Union[ScalarResult[_T], Result[_T]] = self.session.execute(
                                                  ^^^^^^^^^^^^^^^^^^^^^
  File "C:\Users\direct01\AppData\Local\Programs\Python\Python311\Lib\site-packages\sqlalchemy\orm\session.py", line 2351, in execute
    return self._execute_internal(
           ^^^^^^^^^^^^^^^^^^^^^^^
  File "C:\Users\direct01\AppData\Local\Programs\Python\Python311\Lib\site-packages\sqlalchemy\orm\session.py", line 2249, in _execute_internal
    result: Result[Any] = compile_state_cls.orm_execute_statement(
                          ^^^^^^^^^^^^^^^^^^^^^^^^^^^^^^^^^^^^^^^^
  File "C:\Users\direct01\AppData\Local\Programs\Python\Python311\Lib\site-packages\sqlalchemy\orm\context.py", line 306, in orm_execute_statement
    result = conn.execute(
             ^^^^^^^^^^^^^
  File "C:\Users\direct01\AppData\Local\Programs\Python\Python311\Lib\site-packages\sqlalchemy\engine\base.py", line 1419, in execute
    return meth(
           ^^^^^
  File "C:\Users\direct01\AppData\Local\Programs\Python\Python311\Lib\site-packages\sqlalchemy\sql\elements.py", line 527, in _execute_on_connection
    return connection._execute_clauseelement(
           ^^^^^^^^^^^^^^^^^^^^^^^^^^^^^^^^^^
  File "C:\Users\direct01\AppData\Local\Programs\Python\Python311\Lib\site-packages\sqlalchemy\engine\base.py", line 1641, in _execute_clauseelement
    ret = self._execute_context(
          ^^^^^^^^^^^^^^^^^^^^^^
  File "C:\Users\direct01\AppData\Local\Programs\Python\Python311\Lib\site-packages\sqlalchemy\engine\base.py", line 1846, in _execute_context
    return self._exec_single_context(
           ^^^^^^^^^^^^^^^^^^^^^^^^^^
  File "C:\Users\direct01\AppData\Local\Programs\Python\Python311\Lib\site-packages\sqlalchemy\engine\base.py", line 1986, in _exec_single_context
    self._handle_dbapi_exception(
  File "C:\Users\direct01\AppData\Local\Programs\Python\Python311\Lib\site-packages\sqlalchemy\engine\base.py", line 2363, in _handle_dbapi_exception
    raise sqlalchemy_exception.with_traceback(exc_info[2]) from e
  File "C:\Users\direct01\AppData\Local\Programs\Python\Python311\Lib\site-packages\sqlalchemy\engine\base.py", line 1967, in _exec_single_context
    self.dialect.do_execute(
  File "C:\Users\direct01\AppData\Local\Programs\Python\Python311\Lib\site-packages\sqlalchemy\engine\default.py", line 952, in do_execute
    cursor.execute(statement, parameters)
sqlalchemy.exc.OperationalError: (sqlite3.OperationalError) no such column: employee.telegram
[SQL: SELECT employee.id AS employee_id, employee.name AS employee_name, employee.position AS employee_position, employee.birthday AS employee_birthday, employee.email AS employee_email, employee.telegram AS employee_telegram, employee.manager_id AS employee_manager_id 
FROM employee 
WHERE employee.manager_id IS NULL]
(Background on this error at: https://sqlalche.me/e/20/e3q8)

During handling of the above exception, another exception occurred:

Traceback (most recent call last):
  File "C:\Users\direct01\AppData\Local\Programs\Python\Python311\Lib\site-packages\flask\app.py", line 1455, in wsgi_app
    response = self.full_dispatch_request()
               ^^^^^^^^^^^^^^^^^^^^^^^^^^^^
  File "C:\Users\direct01\AppData\Local\Programs\Python\Python311\Lib\site-packages\flask\app.py", line 869, in full_dispatch_request
    rv = self.handle_user_exception(e)
         ^^^^^^^^^^^^^^^^^^^^^^^^^^^^^
  File "C:\Users\direct01\AppData\Local\Programs\Python\Python311\Lib\site-packages\flask\app.py", line 759, in handle_user_exception
    return self.ensure_sync(handler)(e)
           ^^^^^^^^^^^^^^^^^^^^^^^^^^^^
  File "C:\Users\direct01\Documents\DIRECT-LINE\company_portal\app.py", line 115, in handle_exception
    return render_template('error.html',
           ^^^^^^^^^^^^^^^^^^^^^^^^^^^^^
  File "C:\Users\direct01\AppData\Local\Programs\Python\Python311\Lib\site-packages\flask\templating.py", line 151, in render_template
    template = app.jinja_env.get_or_select_template(template_name_or_list)
               ^^^^^^^^^^^^^^^^^^^^^^^^^^^^^^^^^^^^^^^^^^^^^^^^^^^^^^^^^^^
  File "C:\Users\direct01\AppData\Local\Programs\Python\Python311\Lib\site-packages\jinja2\environment.py", line 1087, in get_or_select_template
    return self.get_template(template_name_or_list, parent, globals)
           ^^^^^^^^^^^^^^^^^^^^^^^^^^^^^^^^^^^^^^^^^^^^^^^^^^^^^^^^^
  File "C:\Users\direct01\AppData\Local\Programs\Python\Python311\Lib\site-packages\jinja2\environment.py", line 1016, in get_template
    return self._load_template(name, globals)
           ^^^^^^^^^^^^^^^^^^^^^^^^^^^^^^^^^^
  File "C:\Users\direct01\AppData\Local\Programs\Python\Python311\Lib\site-packages\jinja2\environment.py", line 975, in _load_template
    template = self.loader.load(self, name, self.make_globals(globals))
               ^^^^^^^^^^^^^^^^^^^^^^^^^^^^^^^^^^^^^^^^^^^^^^^^^^^^^^^^
  File "C:\Users\direct01\AppData\Local\Programs\Python\Python311\Lib\site-packages\jinja2\loaders.py", line 126, in load
    source, filename, uptodate = self.get_source(environment, name)
                                 ^^^^^^^^^^^^^^^^^^^^^^^^^^^^^^^^^^
  File "C:\Users\direct01\AppData\Local\Programs\Python\Python311\Lib\site-packages\flask\templating.py", line 65, in get_source
    return self._get_source_fast(environment, template)
           ^^^^^^^^^^^^^^^^^^^^^^^^^^^^^^^^^^^^^^^^^^^^
  File "C:\Users\direct01\AppData\Local\Programs\Python\Python311\Lib\site-packages\flask\templating.py", line 99, in _get_source_fast
    raise TemplateNotFound(template)
jinja2.exceptions.TemplateNotFound: error.html
[2026-02-09 12:12:44,248] INFO in logger: ==================================================
[2026-02-09 12:12:44,248] INFO in logger: Company Portal запущен в PRODUCTION режиме
[2026-02-09 12:12:44,249] INFO in logger: ==================================================
[2026-02-09 12:12:52,236] INFO in logger: ==================================================
[2026-02-09 12:12:52,237] INFO in logger: Company Portal запущен в PRODUCTION режиме
[2026-02-09 12:12:52,238] INFO in logger: ==================================================
[2026-02-09 12:13:10,837] INFO in logger: ==================================================
[2026-02-09 12:13:10,838] INFO in logger: Company Portal запущен в PRODUCTION режиме
[2026-02-09 12:13:10,838] INFO in logger: ==================================================
[2026-02-09 12:34:06,737] INFO in logger: ==================================================
[2026-02-09 12:34:06,738] INFO in logger: Company Portal запущен в PRODUCTION режиме
[2026-02-09 12:34:06,739] INFO in logger: ==================================================
[2026-02-09 12:35:38,284] INFO in logger: ==================================================
[2026-02-09 12:35:38,285] INFO in logger: Company Portal запущен в PRODUCTION режиме
[2026-02-09 12:35:38,288] INFO in logger: ==================================================
[2026-02-09 12:38:50,063] INFO in logger: ==================================================
[2026-02-09 12:38:50,064] INFO in logger: Company Portal запущен в PRODUCTION режиме
[2026-02-09 12:38:50,065] INFO in logger: ==================================================
[2026-02-09 12:39:01,641] INFO in logger: ==================================================
[2026-02-09 12:39:01,641] INFO in logger: Company Portal запущен в PRODUCTION режиме
[2026-02-09 12:39:01,642] INFO in logger: ==================================================
[2026-02-09 12:39:44,749] INFO in logger: ==================================================
[2026-02-09 12:39:44,750] INFO in logger: Company Portal запущен в PRODUCTION режиме
[2026-02-09 12:39:44,753] INFO in logger: ==================================================
[2026-02-09 12:40:00,055] INFO in logger: ==================================================
[2026-02-09 12:40:00,056] INFO in logger: Company Portal запущен в PRODUCTION режиме
[2026-02-09 12:40:00,057] INFO in logger: ==================================================
[2026-02-09 12:40:05,895] CRITICAL in app: Unhandled exception: Could not build url for endpoint 'login'. Did you mean 'user_login' instead?
Traceback (most recent call last):
  File "C:\Users\direct01\AppData\Local\Programs\Python\Python311\Lib\site-packages\flask\app.py", line 867, in full_dispatch_request
    rv = self.dispatch_request()
         ^^^^^^^^^^^^^^^^^^^^^^^
  File "C:\Users\direct01\AppData\Local\Programs\Python\Python311\Lib\site-packages\flask\app.py", line 852, in dispatch_request
    return self.ensure_sync(self.view_functions[rule.endpoint])(**view_args)
           ^^^^^^^^^^^^^^^^^^^^^^^^^^^^^^^^^^^^^^^^^^^^^^^^^^^^^^^^^^^^^^^^^
  File "C:\Users\direct01\Documents\DIRECT-LINE\company_portal\app.py", line 473, in user_login
    return render_template('login.html')
           ^^^^^^^^^^^^^^^^^^^^^^^^^^^^^
  File "C:\Users\direct01\AppData\Local\Programs\Python\Python311\Lib\site-packages\flask\templating.py", line 152, in render_template
    return _render(app, template, context)
           ^^^^^^^^^^^^^^^^^^^^^^^^^^^^^^^
  File "C:\Users\direct01\AppData\Local\Programs\Python\Python311\Lib\site-packages\flask\templating.py", line 133, in _render
    rv = template.render(context)
         ^^^^^^^^^^^^^^^^^^^^^^^^
  File "C:\Users\direct01\AppData\Local\Programs\Python\Python311\Lib\site-packages\jinja2\environment.py", line 1295, in render
    self.environment.handle_exception()
  File "C:\Users\direct01\AppData\Local\Programs\Python\Python311\Lib\site-packages\jinja2\environment.py", line 942, in handle_exception
    raise rewrite_traceback_stack(source=source)
  File "C:\Users\direct01\Documents\DIRECT-LINE\company_portal\templates\login.html", line 132, in top-level template code
    <form method="post" action="{{ url_for('login') }}">
    ^^^^^^^^^^^^^^^^^^^^^^^^^
  File "C:\Users\direct01\AppData\Local\Programs\Python\Python311\Lib\site-packages\flask\app.py", line 1071, in url_for
    return self.handle_url_build_error(error, endpoint, values)
           ^^^^^^^^^^^^^^^^^^^^^^^^^^^^^^^^^^^^^^^^^^^^^^^^^^^^
  File "C:\Users\direct01\AppData\Local\Programs\Python\Python311\Lib\site-packages\flask\app.py", line 1060, in url_for
    rv = url_adapter.build(  # type: ignore[union-attr]
         ^^^^^^^^^^^^^^^^^^^^^^^^^^^^^^^^^^^^^^^^^^^^^^
  File "C:\Users\direct01\AppData\Local\Programs\Python\Python311\Lib\site-packages\werkzeug\routing\map.py", line 924, in build
    raise BuildError(endpoint, values, method, self)
werkzeug.routing.exceptions.BuildError: Could not build url for endpoint 'login'. Did you mean 'user_login' instead?
[2026-02-09 12:40:05,904] ERROR in app: Exception on /login [GET]
Traceback (most recent call last):
  File "C:\Users\direct01\AppData\Local\Programs\Python\Python311\Lib\site-packages\flask\app.py", line 867, in full_dispatch_request
    rv = self.dispatch_request()
         ^^^^^^^^^^^^^^^^^^^^^^^
  File "C:\Users\direct01\AppData\Local\Programs\Python\Python311\Lib\site-packages\flask\app.py", line 852, in dispatch_request
    return self.ensure_sync(self.view_functions[rule.endpoint])(**view_args)
           ^^^^^^^^^^^^^^^^^^^^^^^^^^^^^^^^^^^^^^^^^^^^^^^^^^^^^^^^^^^^^^^^^
  File "C:\Users\direct01\Documents\DIRECT-LINE\company_portal\app.py", line 473, in user_login
    return render_template('login.html')
           ^^^^^^^^^^^^^^^^^^^^^^^^^^^^^
  File "C:\Users\direct01\AppData\Local\Programs\Python\Python311\Lib\site-packages\flask\templating.py", line 152, in render_template
    return _render(app, template, context)
           ^^^^^^^^^^^^^^^^^^^^^^^^^^^^^^^
  File "C:\Users\direct01\AppData\Local\Programs\Python\Python311\Lib\site-packages\flask\templating.py", line 133, in _render
    rv = template.render(context)
         ^^^^^^^^^^^^^^^^^^^^^^^^
  File "C:\Users\direct01\AppData\Local\Programs\Python\Python311\Lib\site-packages\jinja2\environment.py", line 1295, in render
    self.environment.handle_exception()
  File "C:\Users\direct01\AppData\Local\Programs\Python\Python311\Lib\site-packages\jinja2\environment.py", line 942, in handle_exception
    raise rewrite_traceback_stack(source=source)
  File "C:\Users\direct01\Documents\DIRECT-LINE\company_portal\templates\login.html", line 132, in top-level template code
    <form method="post" action="{{ url_for('login') }}">
    ^^^^^^^^^^^^^^^^^^^^^^^^^
  File "C:\Users\direct01\AppData\Local\Programs\Python\Python311\Lib\site-packages\flask\app.py", line 1071, in url_for
    return self.handle_url_build_error(error, endpoint, values)
           ^^^^^^^^^^^^^^^^^^^^^^^^^^^^^^^^^^^^^^^^^^^^^^^^^^^^
  File "C:\Users\direct01\AppData\Local\Programs\Python\Python311\Lib\site-packages\flask\app.py", line 1060, in url_for
    rv = url_adapter.build(  # type: ignore[union-attr]
         ^^^^^^^^^^^^^^^^^^^^^^^^^^^^^^^^^^^^^^^^^^^^^^
  File "C:\Users\direct01\AppData\Local\Programs\Python\Python311\Lib\site-packages\werkzeug\routing\map.py", line 924, in build
    raise BuildError(endpoint, values, method, self)
werkzeug.routing.exceptions.BuildError: Could not build url for endpoint 'login'. Did you mean 'user_login' instead?

During handling of the above exception, another exception occurred:

Traceback (most recent call last):
  File "C:\Users\direct01\AppData\Local\Programs\Python\Python311\Lib\site-packages\flask\app.py", line 1455, in wsgi_app
    response = self.full_dispatch_request()
               ^^^^^^^^^^^^^^^^^^^^^^^^^^^^
  File "C:\Users\direct01\AppData\Local\Programs\Python\Python311\Lib\site-packages\flask\app.py", line 869, in full_dispatch_request
    rv = self.handle_user_exception(e)
         ^^^^^^^^^^^^^^^^^^^^^^^^^^^^^
  File "C:\Users\direct01\AppData\Local\Programs\Python\Python311\Lib\site-packages\flask\app.py", line 759, in handle_user_exception
    return self.ensure_sync(handler)(e)
           ^^^^^^^^^^^^^^^^^^^^^^^^^^^^
  File "C:\Users\direct01\Documents\DIRECT-LINE\company_portal\app.py", line 127, in handle_exception
    return render_template('error.html',
           ^^^^^^^^^^^^^^^^^^^^^^^^^^^^^
  File "C:\Users\direct01\AppData\Local\Programs\Python\Python311\Lib\site-packages\flask\templating.py", line 151, in render_template
    template = app.jinja_env.get_or_select_template(template_name_or_list)
               ^^^^^^^^^^^^^^^^^^^^^^^^^^^^^^^^^^^^^^^^^^^^^^^^^^^^^^^^^^^
  File "C:\Users\direct01\AppData\Local\Programs\Python\Python311\Lib\site-packages\jinja2\environment.py", line 1087, in get_or_select_template
    return self.get_template(template_name_or_list, parent, globals)
           ^^^^^^^^^^^^^^^^^^^^^^^^^^^^^^^^^^^^^^^^^^^^^^^^^^^^^^^^^
  File "C:\Users\direct01\AppData\Local\Programs\Python\Python311\Lib\site-packages\jinja2\environment.py", line 1016, in get_template
    return self._load_template(name, globals)
           ^^^^^^^^^^^^^^^^^^^^^^^^^^^^^^^^^^
  File "C:\Users\direct01\AppData\Local\Programs\Python\Python311\Lib\site-packages\jinja2\environment.py", line 975, in _load_template
    template = self.loader.load(self, name, self.make_globals(globals))
               ^^^^^^^^^^^^^^^^^^^^^^^^^^^^^^^^^^^^^^^^^^^^^^^^^^^^^^^^
  File "C:\Users\direct01\AppData\Local\Programs\Python\Python311\Lib\site-packages\jinja2\loaders.py", line 126, in load
    source, filename, uptodate = self.get_source(environment, name)
                                 ^^^^^^^^^^^^^^^^^^^^^^^^^^^^^^^^^^
  File "C:\Users\direct01\AppData\Local\Programs\Python\Python311\Lib\site-packages\flask\templating.py", line 65, in get_source
    return self._get_source_fast(environment, template)
           ^^^^^^^^^^^^^^^^^^^^^^^^^^^^^^^^^^^^^^^^^^^^
  File "C:\Users\direct01\AppData\Local\Programs\Python\Python311\Lib\site-packages\flask\templating.py", line 99, in _get_source_fast
    raise TemplateNotFound(template)
jinja2.exceptions.TemplateNotFound: error.html
[2026-02-09 12:40:05,908] ERROR in app: Internal Server Error (500): 500 Internal Server Error: The server encountered an internal error and was unable to complete your request. Either the server is overloaded or there is an error in the application.
Traceback (most recent call last):
  File "C:\Users\direct01\AppData\Local\Programs\Python\Python311\Lib\site-packages\flask\app.py", line 867, in full_dispatch_request
    rv = self.dispatch_request()
         ^^^^^^^^^^^^^^^^^^^^^^^
  File "C:\Users\direct01\AppData\Local\Programs\Python\Python311\Lib\site-packages\flask\app.py", line 852, in dispatch_request
    return self.ensure_sync(self.view_functions[rule.endpoint])(**view_args)
           ^^^^^^^^^^^^^^^^^^^^^^^^^^^^^^^^^^^^^^^^^^^^^^^^^^^^^^^^^^^^^^^^^
  File "C:\Users\direct01\Documents\DIRECT-LINE\company_portal\app.py", line 473, in user_login
    return render_template('login.html')
           ^^^^^^^^^^^^^^^^^^^^^^^^^^^^^
  File "C:\Users\direct01\AppData\Local\Programs\Python\Python311\Lib\site-packages\flask\templating.py", line 152, in render_template
    return _render(app, template, context)
           ^^^^^^^^^^^^^^^^^^^^^^^^^^^^^^^
  File "C:\Users\direct01\AppData\Local\Programs\Python\Python311\Lib\site-packages\flask\templating.py", line 133, in _render
    rv = template.render(context)
         ^^^^^^^^^^^^^^^^^^^^^^^^
  File "C:\Users\direct01\AppData\Local\Programs\Python\Python311\Lib\site-packages\jinja2\environment.py", line 1295, in render
    self.environment.handle_exception()
  File "C:\Users\direct01\AppData\Local\Programs\Python\Python311\Lib\site-packages\jinja2\environment.py", line 942, in handle_exception
    raise rewrite_traceback_stack(source=source)
  File "C:\Users\direct01\Documents\DIRECT-LINE\company_portal\templates\login.html", line 132, in top-level template code
    <form method="post" action="{{ url_for('login') }}">
    ^^^^^^^^^^^^^^^^^^^^^^^^^
  File "C:\Users\direct01\AppData\Local\Programs\Python\Python311\Lib\site-packages\flask\app.py", line 1071, in url_for
    return self.handle_url_build_error(error, endpoint, values)
           ^^^^^^^^^^^^^^^^^^^^^^^^^^^^^^^^^^^^^^^^^^^^^^^^^^^^
  File "C:\Users\direct01\AppData\Local\Programs\Python\Python311\Lib\site-packages\flask\app.py", line 1060, in url_for
    rv = url_adapter.build(  # type: ignore[union-attr]
         ^^^^^^^^^^^^^^^^^^^^^^^^^^^^^^^^^^^^^^^^^^^^^^
  File "C:\Users\direct01\AppData\Local\Programs\Python\Python311\Lib\site-packages\werkzeug\routing\map.py", line 924, in build
    raise BuildError(endpoint, values, method, self)
werkzeug.routing.exceptions.BuildError: Could not build url for endpoint 'login'. Did you mean 'user_login' instead?

During handling of the above exception, another exception occurred:

Traceback (most recent call last):
  File "C:\Users\direct01\AppData\Local\Programs\Python\Python311\Lib\site-packages\flask\app.py", line 1455, in wsgi_app
    response = self.full_dispatch_request()
               ^^^^^^^^^^^^^^^^^^^^^^^^^^^^
  File "C:\Users\direct01\AppData\Local\Programs\Python\Python311\Lib\site-packages\flask\app.py", line 869, in full_dispatch_request
    rv = self.handle_user_exception(e)
         ^^^^^^^^^^^^^^^^^^^^^^^^^^^^^
  File "C:\Users\direct01\AppData\Local\Programs\Python\Python311\Lib\site-packages\flask\app.py", line 759, in handle_user_exception
    return self.ensure_sync(handler)(e)
           ^^^^^^^^^^^^^^^^^^^^^^^^^^^^
  File "C:\Users\direct01\Documents\DIRECT-LINE\company_portal\app.py", line 127, in handle_exception
    return render_template('error.html',
           ^^^^^^^^^^^^^^^^^^^^^^^^^^^^^
  File "C:\Users\direct01\AppData\Local\Programs\Python\Python311\Lib\site-packages\flask\templating.py", line 151, in render_template
    template = app.jinja_env.get_or_select_template(template_name_or_list)
               ^^^^^^^^^^^^^^^^^^^^^^^^^^^^^^^^^^^^^^^^^^^^^^^^^^^^^^^^^^^
  File "C:\Users\direct01\AppData\Local\Programs\Python\Python311\Lib\site-packages\jinja2\environment.py", line 1087, in get_or_select_template
    return self.get_template(template_name_or_list, parent, globals)
           ^^^^^^^^^^^^^^^^^^^^^^^^^^^^^^^^^^^^^^^^^^^^^^^^^^^^^^^^^
  File "C:\Users\direct01\AppData\Local\Programs\Python\Python311\Lib\site-packages\jinja2\environment.py", line 1016, in get_template
    return self._load_template(name, globals)
           ^^^^^^^^^^^^^^^^^^^^^^^^^^^^^^^^^^
  File "C:\Users\direct01\AppData\Local\Programs\Python\Python311\Lib\site-packages\jinja2\environment.py", line 975, in _load_template
    template = self.loader.load(self, name, self.make_globals(globals))
               ^^^^^^^^^^^^^^^^^^^^^^^^^^^^^^^^^^^^^^^^^^^^^^^^^^^^^^^^
  File "C:\Users\direct01\AppData\Local\Programs\Python\Python311\Lib\site-packages\jinja2\loaders.py", line 126, in load
    source, filename, uptodate = self.get_source(environment, name)
                                 ^^^^^^^^^^^^^^^^^^^^^^^^^^^^^^^^^^
  File "C:\Users\direct01\AppData\Local\Programs\Python\Python311\Lib\site-packages\flask\templating.py", line 65, in get_source
    return self._get_source_fast(environment, template)
           ^^^^^^^^^^^^^^^^^^^^^^^^^^^^^^^^^^^^^^^^^^^^
  File "C:\Users\direct01\AppData\Local\Programs\Python\Python311\Lib\site-packages\flask\templating.py", line 99, in _get_source_fast
    raise TemplateNotFound(template)
jinja2.exceptions.TemplateNotFound: error.html
[2026-02-09 12:42:36,252] INFO in logger: ==================================================
[2026-02-09 12:42:36,253] INFO in logger: Company Portal запущен в PRODUCTION режиме
[2026-02-09 12:42:36,254] INFO in logger: ==================================================
[2026-02-09 12:42:48,218] INFO in app: Успешный вход: admin
[2026-02-09 12:43:24,683] INFO in app: Выход: admin
[2026-02-09 12:43:29,367] INFO in app: Успешный вход: admin
[2026-02-09 12:44:33,402] CRITICAL in app: Unhandled exception: 'tuple' object has no attribute 'items'
Traceback (most recent call last):
  File "C:\Users\direct01\AppData\Local\Programs\Python\Python311\Lib\site-packages\flask\app.py", line 867, in full_dispatch_request
    rv = self.dispatch_request()
         ^^^^^^^^^^^^^^^^^^^^^^^
  File "C:\Users\direct01\AppData\Local\Programs\Python\Python311\Lib\site-packages\flask\app.py", line 852, in dispatch_request
    return self.ensure_sync(self.view_functions[rule.endpoint])(**view_args)
           ^^^^^^^^^^^^^^^^^^^^^^^^^^^^^^^^^^^^^^^^^^^^^^^^^^^^^^^^^^^^^^^^^
  File "C:\Users\direct01\AppData\Local\Programs\Python\Python311\Lib\site-packages\flask_admin\base.py", line 69, in inner
    return self._run_view(f, *args, **kwargs)
           ^^^^^^^^^^^^^^^^^^^^^^^^^^^^^^^^^^
  File "C:\Users\direct01\AppData\Local\Programs\Python\Python311\Lib\site-packages\flask_admin\base.py", line 369, in _run_view
    return fn(self, *args, **kwargs)
           ^^^^^^^^^^^^^^^^^^^^^^^^^
  File "C:\Users\direct01\AppData\Local\Programs\Python\Python311\Lib\site-packages\flask_admin\model\base.py", line 2093, in create_view
    form = self.create_form()
           ^^^^^^^^^^^^^^^^^^
  File "C:\Users\direct01\AppData\Local\Programs\Python\Python311\Lib\site-packages\flask_admin\model\base.py", line 1332, in create_form
    return self._create_form_class(get_form_data(), obj=obj)
           ^^^^^^^^^^^^^^^^^^^^^^^^^^^^^^^^^^^^^^^^^^^^^^^^^
  File "C:\Users\direct01\AppData\Local\Programs\Python\Python311\Lib\site-packages\wtforms\form.py", line 209, in __call__
    return type.__call__(cls, *args, **kwargs)
           ^^^^^^^^^^^^^^^^^^^^^^^^^^^^^^^^^^^
  File "C:\Users\direct01\AppData\Local\Programs\Python\Python311\Lib\site-packages\flask_admin\form\__init__.py", line 22, in __init__
    super(BaseForm, self).__init__(formdata=formdata, obj=obj, prefix=prefix, **kwargs)
  File "C:\Users\direct01\AppData\Local\Programs\Python\Python311\Lib\site-packages\wtforms\form.py", line 281, in __init__
    super().__init__(self._unbound_fields, meta=meta_obj, prefix=prefix)
  File "C:\Users\direct01\AppData\Local\Programs\Python\Python311\Lib\site-packages\wtforms\form.py", line 49, in __init__
    field = meta.bind_field(self, unbound_field, options)
            ^^^^^^^^^^^^^^^^^^^^^^^^^^^^^^^^^^^^^^^^^^^^^
  File "C:\Users\direct01\AppData\Local\Programs\Python\Python311\Lib\site-packages\wtforms\meta.py", line 28, in bind_field
    return unbound_field.bind(form=form, **options)
           ^^^^^^^^^^^^^^^^^^^^^^^^^^^^^^^^^^^^^^^^
  File "C:\Users\direct01\AppData\Local\Programs\Python\Python311\Lib\site-packages\wtforms\fields\core.py", line 387, in bind
    return self.field_class(*self.args, **kw)
           ^^^^^^^^^^^^^^^^^^^^^^^^^^^^^^^^^^
  File "C:\Users\direct01\AppData\Local\Programs\Python\Python311\Lib\site-packages\wtforms\fields\core.py", line 133, in __init__
    for k, v in flags.items():
                ^^^^^^^^^^^
AttributeError: 'tuple' object has no attribute 'items'
[2026-02-09 12:44:48,103] CRITICAL in app: Unhandled exception: 'tuple' object has no attribute 'items'
Traceback (most recent call last):
  File "C:\Users\direct01\AppData\Local\Programs\Python\Python311\Lib\site-packages\flask\app.py", line 867, in full_dispatch_request
    rv = self.dispatch_request()
         ^^^^^^^^^^^^^^^^^^^^^^^
  File "C:\Users\direct01\AppData\Local\Programs\Python\Python311\Lib\site-packages\flask\app.py", line 852, in dispatch_request
    return self.ensure_sync(self.view_functions[rule.endpoint])(**view_args)
           ^^^^^^^^^^^^^^^^^^^^^^^^^^^^^^^^^^^^^^^^^^^^^^^^^^^^^^^^^^^^^^^^^
  File "C:\Users\direct01\AppData\Local\Programs\Python\Python311\Lib\site-packages\flask_admin\base.py", line 69, in inner
    return self._run_view(f, *args, **kwargs)
           ^^^^^^^^^^^^^^^^^^^^^^^^^^^^^^^^^^
  File "C:\Users\direct01\AppData\Local\Programs\Python\Python311\Lib\site-packages\flask_admin\base.py", line 369, in _run_view
    return fn(self, *args, **kwargs)
           ^^^^^^^^^^^^^^^^^^^^^^^^^
  File "C:\Users\direct01\AppData\Local\Programs\Python\Python311\Lib\site-packages\flask_admin\model\base.py", line 2093, in create_view
    form = self.create_form()
           ^^^^^^^^^^^^^^^^^^
  File "C:\Users\direct01\AppData\Local\Programs\Python\Python311\Lib\site-packages\flask_admin\model\base.py", line 1332, in create_form
    return self._create_form_class(get_form_data(), obj=obj)
           ^^^^^^^^^^^^^^^^^^^^^^^^^^^^^^^^^^^^^^^^^^^^^^^^^
  File "C:\Users\direct01\AppData\Local\Programs\Python\Python311\Lib\site-packages\wtforms\form.py", line 209, in __call__
    return type.__call__(cls, *args, **kwargs)
           ^^^^^^^^^^^^^^^^^^^^^^^^^^^^^^^^^^^
  File "C:\Users\direct01\AppData\Local\Programs\Python\Python311\Lib\site-packages\flask_admin\form\__init__.py", line 22, in __init__
    super(BaseForm, self).__init__(formdata=formdata, obj=obj, prefix=prefix, **kwargs)
  File "C:\Users\direct01\AppData\Local\Programs\Python\Python311\Lib\site-packages\wtforms\form.py", line 281, in __init__
    super().__init__(self._unbound_fields, meta=meta_obj, prefix=prefix)
  File "C:\Users\direct01\AppData\Local\Programs\Python\Python311\Lib\site-packages\wtforms\form.py", line 49, in __init__
    field = meta.bind_field(self, unbound_field, options)
            ^^^^^^^^^^^^^^^^^^^^^^^^^^^^^^^^^^^^^^^^^^^^^
  File "C:\Users\direct01\AppData\Local\Programs\Python\Python311\Lib\site-packages\wtforms\meta.py", line 28, in bind_field
    return unbound_field.bind(form=form, **options)
           ^^^^^^^^^^^^^^^^^^^^^^^^^^^^^^^^^^^^^^^^
  File "C:\Users\direct01\AppData\Local\Programs\Python\Python311\Lib\site-packages\wtforms\fields\core.py", line 387, in bind
    return self.field_class(*self.args, **kw)
           ^^^^^^^^^^^^^^^^^^^^^^^^^^^^^^^^^^
  File "C:\Users\direct01\AppData\Local\Programs\Python\Python311\Lib\site-packages\wtforms\fields\core.py", line 133, in __init__
    for k, v in flags.items():
                ^^^^^^^^^^^
AttributeError: 'tuple' object has no attribute 'items'
[2026-02-09 12:46:55,988] CRITICAL in app: Unhandled exception: 'tuple' object has no attribute 'items'
Traceback (most recent call last):
  File "C:\Users\direct01\AppData\Local\Programs\Python\Python311\Lib\site-packages\flask\app.py", line 867, in full_dispatch_request
    rv = self.dispatch_request()
         ^^^^^^^^^^^^^^^^^^^^^^^
  File "C:\Users\direct01\AppData\Local\Programs\Python\Python311\Lib\site-packages\flask\app.py", line 852, in dispatch_request
    return self.ensure_sync(self.view_functions[rule.endpoint])(**view_args)
           ^^^^^^^^^^^^^^^^^^^^^^^^^^^^^^^^^^^^^^^^^^^^^^^^^^^^^^^^^^^^^^^^^
  File "C:\Users\direct01\AppData\Local\Programs\Python\Python311\Lib\site-packages\flask_admin\base.py", line 69, in inner
    return self._run_view(f, *args, **kwargs)
           ^^^^^^^^^^^^^^^^^^^^^^^^^^^^^^^^^^
  File "C:\Users\direct01\AppData\Local\Programs\Python\Python311\Lib\site-packages\flask_admin\base.py", line 369, in _run_view
    return fn(self, *args, **kwargs)
           ^^^^^^^^^^^^^^^^^^^^^^^^^
  File "C:\Users\direct01\AppData\Local\Programs\Python\Python311\Lib\site-packages\flask_admin\model\base.py", line 2093, in create_view
    form = self.create_form()
           ^^^^^^^^^^^^^^^^^^
  File "C:\Users\direct01\AppData\Local\Programs\Python\Python311\Lib\site-packages\flask_admin\model\base.py", line 1332, in create_form
    return self._create_form_class(get_form_data(), obj=obj)
           ^^^^^^^^^^^^^^^^^^^^^^^^^^^^^^^^^^^^^^^^^^^^^^^^^
  File "C:\Users\direct01\AppData\Local\Programs\Python\Python311\Lib\site-packages\wtforms\form.py", line 209, in __call__
    return type.__call__(cls, *args, **kwargs)
           ^^^^^^^^^^^^^^^^^^^^^^^^^^^^^^^^^^^
  File "C:\Users\direct01\AppData\Local\Programs\Python\Python311\Lib\site-packages\flask_admin\form\__init__.py", line 22, in __init__
    super(BaseForm, self).__init__(formdata=formdata, obj=obj, prefix=prefix, **kwargs)
  File "C:\Users\direct01\AppData\Local\Programs\Python\Python311\Lib\site-packages\wtforms\form.py", line 281, in __init__
    super().__init__(self._unbound_fields, meta=meta_obj, prefix=prefix)
  File "C:\Users\direct01\AppData\Local\Programs\Python\Python311\Lib\site-packages\wtforms\form.py", line 49, in __init__
    field = meta.bind_field(self, unbound_field, options)
            ^^^^^^^^^^^^^^^^^^^^^^^^^^^^^^^^^^^^^^^^^^^^^
  File "C:\Users\direct01\AppData\Local\Programs\Python\Python311\Lib\site-packages\wtforms\meta.py", line 28, in bind_field
    return unbound_field.bind(form=form, **options)
           ^^^^^^^^^^^^^^^^^^^^^^^^^^^^^^^^^^^^^^^^
  File "C:\Users\direct01\AppData\Local\Programs\Python\Python311\Lib\site-packages\wtforms\fields\core.py", line 387, in bind
    return self.field_class(*self.args, **kw)
           ^^^^^^^^^^^^^^^^^^^^^^^^^^^^^^^^^^
  File "C:\Users\direct01\AppData\Local\Programs\Python\Python311\Lib\site-packages\wtforms\fields\core.py", line 133, in __init__
    for k, v in flags.items():
                ^^^^^^^^^^^
AttributeError: 'tuple' object has no attribute 'items'
[2026-02-09 12:47:07,307] INFO in logger: ==================================================
[2026-02-09 12:47:07,308] INFO in logger: Company Portal запущен в PRODUCTION режиме
[2026-02-09 12:47:07,308] INFO in logger: ==================================================
[2026-02-09 12:47:12,699] CRITICAL in app: Unhandled exception: 'tuple' object has no attribute 'items'
Traceback (most recent call last):
  File "C:\Users\direct01\AppData\Local\Programs\Python\Python311\Lib\site-packages\flask\app.py", line 867, in full_dispatch_request
    rv = self.dispatch_request()
         ^^^^^^^^^^^^^^^^^^^^^^^
  File "C:\Users\direct01\AppData\Local\Programs\Python\Python311\Lib\site-packages\flask\app.py", line 852, in dispatch_request
    return self.ensure_sync(self.view_functions[rule.endpoint])(**view_args)
           ^^^^^^^^^^^^^^^^^^^^^^^^^^^^^^^^^^^^^^^^^^^^^^^^^^^^^^^^^^^^^^^^^
  File "C:\Users\direct01\AppData\Local\Programs\Python\Python311\Lib\site-packages\flask_admin\base.py", line 69, in inner
    return self._run_view(f, *args, **kwargs)
           ^^^^^^^^^^^^^^^^^^^^^^^^^^^^^^^^^^
  File "C:\Users\direct01\AppData\Local\Programs\Python\Python311\Lib\site-packages\flask_admin\base.py", line 369, in _run_view
    return fn(self, *args, **kwargs)
           ^^^^^^^^^^^^^^^^^^^^^^^^^
  File "C:\Users\direct01\AppData\Local\Programs\Python\Python311\Lib\site-packages\flask_admin\model\base.py", line 2093, in create_view
    form = self.create_form()
           ^^^^^^^^^^^^^^^^^^
  File "C:\Users\direct01\AppData\Local\Programs\Python\Python311\Lib\site-packages\flask_admin\model\base.py", line 1332, in create_form
    return self._create_form_class(get_form_data(), obj=obj)
           ^^^^^^^^^^^^^^^^^^^^^^^^^^^^^^^^^^^^^^^^^^^^^^^^^
  File "C:\Users\direct01\AppData\Local\Programs\Python\Python311\Lib\site-packages\wtforms\form.py", line 209, in __call__
    return type.__call__(cls, *args, **kwargs)
           ^^^^^^^^^^^^^^^^^^^^^^^^^^^^^^^^^^^
  File "C:\Users\direct01\AppData\Local\Programs\Python\Python311\Lib\site-packages\flask_admin\form\__init__.py", line 22, in __init__
    super(BaseForm, self).__init__(formdata=formdata, obj=obj, prefix=prefix, **kwargs)
  File "C:\Users\direct01\AppData\Local\Programs\Python\Python311\Lib\site-packages\wtforms\form.py", line 281, in __init__
    super().__init__(self._unbound_fields, meta=meta_obj, prefix=prefix)
  File "C:\Users\direct01\AppData\Local\Programs\Python\Python311\Lib\site-packages\wtforms\form.py", line 49, in __init__
    field = meta.bind_field(self, unbound_field, options)
            ^^^^^^^^^^^^^^^^^^^^^^^^^^^^^^^^^^^^^^^^^^^^^
  File "C:\Users\direct01\AppData\Local\Programs\Python\Python311\Lib\site-packages\wtforms\meta.py", line 28, in bind_field
    return unbound_field.bind(form=form, **options)
           ^^^^^^^^^^^^^^^^^^^^^^^^^^^^^^^^^^^^^^^^
  File "C:\Users\direct01\AppData\Local\Programs\Python\Python311\Lib\site-packages\wtforms\fields\core.py", line 387, in bind
    return self.field_class(*self.args, **kw)
           ^^^^^^^^^^^^^^^^^^^^^^^^^^^^^^^^^^
  File "C:\Users\direct01\AppData\Local\Programs\Python\Python311\Lib\site-packages\wtforms\fields\core.py", line 133, in __init__
    for k, v in flags.items():
                ^^^^^^^^^^^
AttributeError: 'tuple' object has no attribute 'items'
[2026-02-09 12:47:15,960] INFO in app: Выход: admin
[2026-02-09 12:47:19,157] INFO in app: Успешный вход: admin
[2026-02-09 12:47:44,556] INFO in logger: ==================================================
[2026-02-09 12:47:44,557] INFO in logger: Company Portal запущен в PRODUCTION режиме
[2026-02-09 12:47:44,557] INFO in logger: ==================================================
[2026-02-09 12:47:58,930] CRITICAL in app: Unhandled exception: 'tuple' object has no attribute 'items'
Traceback (most recent call last):
  File "C:\Users\direct01\AppData\Local\Programs\Python\Python311\Lib\site-packages\flask\app.py", line 867, in full_dispatch_request
    rv = self.dispatch_request()
         ^^^^^^^^^^^^^^^^^^^^^^^
  File "C:\Users\direct01\AppData\Local\Programs\Python\Python311\Lib\site-packages\flask\app.py", line 852, in dispatch_request
    return self.ensure_sync(self.view_functions[rule.endpoint])(**view_args)
           ^^^^^^^^^^^^^^^^^^^^^^^^^^^^^^^^^^^^^^^^^^^^^^^^^^^^^^^^^^^^^^^^^
  File "C:\Users\direct01\AppData\Local\Programs\Python\Python311\Lib\site-packages\flask_admin\base.py", line 69, in inner
    return self._run_view(f, *args, **kwargs)
           ^^^^^^^^^^^^^^^^^^^^^^^^^^^^^^^^^^
  File "C:\Users\direct01\AppData\Local\Programs\Python\Python311\Lib\site-packages\flask_admin\base.py", line 369, in _run_view
    return fn(self, *args, **kwargs)
           ^^^^^^^^^^^^^^^^^^^^^^^^^
  File "C:\Users\direct01\AppData\Local\Programs\Python\Python311\Lib\site-packages\flask_admin\model\base.py", line 2093, in create_view
    form = self.create_form()
           ^^^^^^^^^^^^^^^^^^
  File "C:\Users\direct01\AppData\Local\Programs\Python\Python311\Lib\site-packages\flask_admin\model\base.py", line 1332, in create_form
    return self._create_form_class(get_form_data(), obj=obj)
           ^^^^^^^^^^^^^^^^^^^^^^^^^^^^^^^^^^^^^^^^^^^^^^^^^
  File "C:\Users\direct01\AppData\Local\Programs\Python\Python311\Lib\site-packages\wtforms\form.py", line 209, in __call__
    return type.__call__(cls, *args, **kwargs)
           ^^^^^^^^^^^^^^^^^^^^^^^^^^^^^^^^^^^
  File "C:\Users\direct01\AppData\Local\Programs\Python\Python311\Lib\site-packages\flask_admin\form\__init__.py", line 22, in __init__
    super(BaseForm, self).__init__(formdata=formdata, obj=obj, prefix=prefix, **kwargs)
  File "C:\Users\direct01\AppData\Local\Programs\Python\Python311\Lib\site-packages\wtforms\form.py", line 281, in __init__
    super().__init__(self._unbound_fields, meta=meta_obj, prefix=prefix)
  File "C:\Users\direct01\AppData\Local\Programs\Python\Python311\Lib\site-packages\wtforms\form.py", line 49, in __init__
    field = meta.bind_field(self, unbound_field, options)
            ^^^^^^^^^^^^^^^^^^^^^^^^^^^^^^^^^^^^^^^^^^^^^
  File "C:\Users\direct01\AppData\Local\Programs\Python\Python311\Lib\site-packages\wtforms\meta.py", line 28, in bind_field
    return unbound_field.bind(form=form, **options)
           ^^^^^^^^^^^^^^^^^^^^^^^^^^^^^^^^^^^^^^^^
  File "C:\Users\direct01\AppData\Local\Programs\Python\Python311\Lib\site-packages\wtforms\fields\core.py", line 387, in bind
    return self.field_class(*self.args, **kw)
           ^^^^^^^^^^^^^^^^^^^^^^^^^^^^^^^^^^
  File "C:\Users\direct01\AppData\Local\Programs\Python\Python311\Lib\site-packages\wtforms\fields\core.py", line 133, in __init__
    for k, v in flags.items():
                ^^^^^^^^^^^
AttributeError: 'tuple' object has no attribute 'items'
[2026-02-09 12:51:04,807] INFO in logger: ==================================================
[2026-02-09 12:51:04,808] INFO in logger: Company Portal запущен в PRODUCTION режиме
[2026-02-09 12:51:04,808] INFO in logger: ==================================================
[2026-02-09 12:51:12,169] CRITICAL in app: Unhandled exception: 'tuple' object has no attribute 'items'
Traceback (most recent call last):
  File "C:\Users\direct01\AppData\Local\Programs\Python\Python311\Lib\site-packages\flask\app.py", line 867, in full_dispatch_request
    rv = self.dispatch_request()
         ^^^^^^^^^^^^^^^^^^^^^^^
  File "C:\Users\direct01\AppData\Local\Programs\Python\Python311\Lib\site-packages\flask\app.py", line 852, in dispatch_request
    return self.ensure_sync(self.view_functions[rule.endpoint])(**view_args)
           ^^^^^^^^^^^^^^^^^^^^^^^^^^^^^^^^^^^^^^^^^^^^^^^^^^^^^^^^^^^^^^^^^
  File "C:\Users\direct01\AppData\Local\Programs\Python\Python311\Lib\site-packages\flask_admin\base.py", line 69, in inner
    return self._run_view(f, *args, **kwargs)
           ^^^^^^^^^^^^^^^^^^^^^^^^^^^^^^^^^^
  File "C:\Users\direct01\AppData\Local\Programs\Python\Python311\Lib\site-packages\flask_admin\base.py", line 369, in _run_view
    return fn(self, *args, **kwargs)
           ^^^^^^^^^^^^^^^^^^^^^^^^^
  File "C:\Users\direct01\AppData\Local\Programs\Python\Python311\Lib\site-packages\flask_admin\model\base.py", line 2093, in create_view
    form = self.create_form()
           ^^^^^^^^^^^^^^^^^^
  File "C:\Users\direct01\AppData\Local\Programs\Python\Python311\Lib\site-packages\flask_admin\model\base.py", line 1332, in create_form
    return self._create_form_class(get_form_data(), obj=obj)
           ^^^^^^^^^^^^^^^^^^^^^^^^^^^^^^^^^^^^^^^^^^^^^^^^^
  File "C:\Users\direct01\AppData\Local\Programs\Python\Python311\Lib\site-packages\wtforms\form.py", line 209, in __call__
    return type.__call__(cls, *args, **kwargs)
           ^^^^^^^^^^^^^^^^^^^^^^^^^^^^^^^^^^^
  File "C:\Users\direct01\AppData\Local\Programs\Python\Python311\Lib\site-packages\flask_admin\form\__init__.py", line 22, in __init__
    super(BaseForm, self).__init__(formdata=formdata, obj=obj, prefix=prefix, **kwargs)
  File "C:\Users\direct01\AppData\Local\Programs\Python\Python311\Lib\site-packages\wtforms\form.py", line 281, in __init__
    super().__init__(self._unbound_fields, meta=meta_obj, prefix=prefix)
  File "C:\Users\direct01\AppData\Local\Programs\Python\Python311\Lib\site-packages\wtforms\form.py", line 49, in __init__
    field = meta.bind_field(self, unbound_field, options)
            ^^^^^^^^^^^^^^^^^^^^^^^^^^^^^^^^^^^^^^^^^^^^^
  File "C:\Users\direct01\AppData\Local\Programs\Python\Python311\Lib\site-packages\wtforms\meta.py", line 28, in bind_field
    return unbound_field.bind(form=form, **options)
           ^^^^^^^^^^^^^^^^^^^^^^^^^^^^^^^^^^^^^^^^
  File "C:\Users\direct01\AppData\Local\Programs\Python\Python311\Lib\site-packages\wtforms\fields\core.py", line 387, in bind
    return self.field_class(*self.args, **kw)
           ^^^^^^^^^^^^^^^^^^^^^^^^^^^^^^^^^^
  File "C:\Users\direct01\AppData\Local\Programs\Python\Python311\Lib\site-packages\wtforms\fields\core.py", line 133, in __init__
    for k, v in flags.items():
                ^^^^^^^^^^^
AttributeError: 'tuple' object has no attribute 'items'
[2026-02-09 12:52:40,067] INFO in logger: ==================================================
[2026-02-09 12:52:40,068] INFO in logger: Company Portal запущен в PRODUCTION режиме
[2026-02-09 12:52:40,069] INFO in logger: ==================================================
[2026-02-09 12:52:45,143] CRITICAL in app: Unhandled exception: 'tuple' object has no attribute 'items'
Traceback (most recent call last):
  File "C:\Users\direct01\AppData\Local\Programs\Python\Python311\Lib\site-packages\flask\app.py", line 867, in full_dispatch_request
    rv = self.dispatch_request()
         ^^^^^^^^^^^^^^^^^^^^^^^
  File "C:\Users\direct01\AppData\Local\Programs\Python\Python311\Lib\site-packages\flask\app.py", line 852, in dispatch_request
    return self.ensure_sync(self.view_functions[rule.endpoint])(**view_args)
           ^^^^^^^^^^^^^^^^^^^^^^^^^^^^^^^^^^^^^^^^^^^^^^^^^^^^^^^^^^^^^^^^^
  File "C:\Users\direct01\AppData\Local\Programs\Python\Python311\Lib\site-packages\flask_admin\base.py", line 69, in inner
    return self._run_view(f, *args, **kwargs)
           ^^^^^^^^^^^^^^^^^^^^^^^^^^^^^^^^^^
  File "C:\Users\direct01\AppData\Local\Programs\Python\Python311\Lib\site-packages\flask_admin\base.py", line 369, in _run_view
    return fn(self, *args, **kwargs)
           ^^^^^^^^^^^^^^^^^^^^^^^^^
  File "C:\Users\direct01\AppData\Local\Programs\Python\Python311\Lib\site-packages\flask_admin\model\base.py", line 2093, in create_view
    form = self.create_form()
           ^^^^^^^^^^^^^^^^^^
  File "C:\Users\direct01\AppData\Local\Programs\Python\Python311\Lib\site-packages\flask_admin\model\base.py", line 1332, in create_form
    return self._create_form_class(get_form_data(), obj=obj)
           ^^^^^^^^^^^^^^^^^^^^^^^^^^^^^^^^^^^^^^^^^^^^^^^^^
  File "C:\Users\direct01\AppData\Local\Programs\Python\Python311\Lib\site-packages\wtforms\form.py", line 209, in __call__
    return type.__call__(cls, *args, **kwargs)
           ^^^^^^^^^^^^^^^^^^^^^^^^^^^^^^^^^^^
  File "C:\Users\direct01\AppData\Local\Programs\Python\Python311\Lib\site-packages\flask_admin\form\__init__.py", line 22, in __init__
    super(BaseForm, self).__init__(formdata=formdata, obj=obj, prefix=prefix, **kwargs)
  File "C:\Users\direct01\AppData\Local\Programs\Python\Python311\Lib\site-packages\wtforms\form.py", line 281, in __init__
    super().__init__(self._unbound_fields, meta=meta_obj, prefix=prefix)
  File "C:\Users\direct01\AppData\Local\Programs\Python\Python311\Lib\site-packages\wtforms\form.py", line 49, in __init__
    field = meta.bind_field(self, unbound_field, options)
            ^^^^^^^^^^^^^^^^^^^^^^^^^^^^^^^^^^^^^^^^^^^^^
  File "C:\Users\direct01\AppData\Local\Programs\Python\Python311\Lib\site-packages\wtforms\meta.py", line 28, in bind_field
    return unbound_field.bind(form=form, **options)
           ^^^^^^^^^^^^^^^^^^^^^^^^^^^^^^^^^^^^^^^^
  File "C:\Users\direct01\AppData\Local\Programs\Python\Python311\Lib\site-packages\wtforms\fields\core.py", line 387, in bind
    return self.field_class(*self.args, **kw)
           ^^^^^^^^^^^^^^^^^^^^^^^^^^^^^^^^^^
  File "C:\Users\direct01\AppData\Local\Programs\Python\Python311\Lib\site-packages\wtforms\fields\core.py", line 133, in __init__
    for k, v in flags.items():
                ^^^^^^^^^^^
AttributeError: 'tuple' object has no attribute 'items'
[2026-02-09 12:54:26,841] INFO in logger: ==================================================
[2026-02-09 12:54:26,842] INFO in logger: Company Portal запущен в PRODUCTION режиме
[2026-02-09 12:54:26,843] INFO in logger: ==================================================
[2026-02-09 12:54:37,948] INFO in logger: ==================================================
[2026-02-09 12:54:37,949] INFO in logger: Company Portal запущен в PRODUCTION режиме
[2026-02-09 12:54:37,950] INFO in logger: ==================================================
[2026-02-09 12:54:45,372] INFO in logger: ==================================================
[2026-02-09 12:54:45,373] INFO in logger: Company Portal запущен в PRODUCTION режиме
[2026-02-09 12:54:45,374] INFO in logger: ==================================================
[2026-02-09 12:54:50,546] CRITICAL in app: Unhandled exception: 'tuple' object has no attribute 'items'
Traceback (most recent call last):
  File "C:\Users\direct01\AppData\Local\Programs\Python\Python311\Lib\site-packages\flask\app.py", line 867, in full_dispatch_request
    rv = self.dispatch_request()
         ^^^^^^^^^^^^^^^^^^^^^^^
  File "C:\Users\direct01\AppData\Local\Programs\Python\Python311\Lib\site-packages\flask\app.py", line 852, in dispatch_request
    return self.ensure_sync(self.view_functions[rule.endpoint])(**view_args)
           ^^^^^^^^^^^^^^^^^^^^^^^^^^^^^^^^^^^^^^^^^^^^^^^^^^^^^^^^^^^^^^^^^
  File "C:\Users\direct01\AppData\Local\Programs\Python\Python311\Lib\site-packages\flask_admin\base.py", line 69, in inner
    return self._run_view(f, *args, **kwargs)
           ^^^^^^^^^^^^^^^^^^^^^^^^^^^^^^^^^^
  File "C:\Users\direct01\AppData\Local\Programs\Python\Python311\Lib\site-packages\flask_admin\base.py", line 369, in _run_view
    return fn(self, *args, **kwargs)
           ^^^^^^^^^^^^^^^^^^^^^^^^^
  File "C:\Users\direct01\AppData\Local\Programs\Python\Python311\Lib\site-packages\flask_admin\model\base.py", line 2093, in create_view
    form = self.create_form()
           ^^^^^^^^^^^^^^^^^^
  File "C:\Users\direct01\AppData\Local\Programs\Python\Python311\Lib\site-packages\flask_admin\model\base.py", line 1332, in create_form
    return self._create_form_class(get_form_data(), obj=obj)
           ^^^^^^^^^^^^^^^^^^^^^^^^^^^^^^^^^^^^^^^^^^^^^^^^^
  File "C:\Users\direct01\AppData\Local\Programs\Python\Python311\Lib\site-packages\wtforms\form.py", line 209, in __call__
    return type.__call__(cls, *args, **kwargs)
           ^^^^^^^^^^^^^^^^^^^^^^^^^^^^^^^^^^^
  File "C:\Users\direct01\AppData\Local\Programs\Python\Python311\Lib\site-packages\flask_admin\form\__init__.py", line 22, in __init__
    super(BaseForm, self).__init__(formdata=formdata, obj=obj, prefix=prefix, **kwargs)
  File "C:\Users\direct01\AppData\Local\Programs\Python\Python311\Lib\site-packages\wtforms\form.py", line 281, in __init__
    super().__init__(self._unbound_fields, meta=meta_obj, prefix=prefix)
  File "C:\Users\direct01\AppData\Local\Programs\Python\Python311\Lib\site-packages\wtforms\form.py", line 49, in __init__
    field = meta.bind_field(self, unbound_field, options)
            ^^^^^^^^^^^^^^^^^^^^^^^^^^^^^^^^^^^^^^^^^^^^^
  File "C:\Users\direct01\AppData\Local\Programs\Python\Python311\Lib\site-packages\wtforms\meta.py", line 28, in bind_field
    return unbound_field.bind(form=form, **options)
           ^^^^^^^^^^^^^^^^^^^^^^^^^^^^^^^^^^^^^^^^
  File "C:\Users\direct01\AppData\Local\Programs\Python\Python311\Lib\site-packages\wtforms\fields\core.py", line 387, in bind
    return self.field_class(*self.args, **kw)
           ^^^^^^^^^^^^^^^^^^^^^^^^^^^^^^^^^^
  File "C:\Users\direct01\AppData\Local\Programs\Python\Python311\Lib\site-packages\wtforms\fields\core.py", line 133, in __init__
    for k, v in flags.items():
                ^^^^^^^^^^^
AttributeError: 'tuple' object has no attribute 'items'
[2026-02-09 12:55:17,201] INFO in logger: ==================================================
[2026-02-09 12:55:17,202] INFO in logger: Company Portal запущен в PRODUCTION режиме
[2026-02-09 12:55:17,203] INFO in logger: ==================================================
[2026-02-09 12:55:22,179] INFO in logger: ==================================================
[2026-02-09 12:55:22,180] INFO in logger: Company Portal запущен в PRODUCTION режиме
[2026-02-09 12:55:22,181] INFO in logger: ==================================================
[2026-02-09 12:55:27,475] INFO in logger: ==================================================
[2026-02-09 12:55:27,477] INFO in logger: Company Portal запущен в PRODUCTION режиме
[2026-02-09 12:55:27,478] INFO in logger: ==================================================
[2026-02-09 12:55:37,769] CRITICAL in app: Unhandled exception: 'tuple' object has no attribute 'items'
Traceback (most recent call last):
  File "C:\Users\direct01\AppData\Local\Programs\Python\Python311\Lib\site-packages\flask\app.py", line 867, in full_dispatch_request
    rv = self.dispatch_request()
         ^^^^^^^^^^^^^^^^^^^^^^^
  File "C:\Users\direct01\AppData\Local\Programs\Python\Python311\Lib\site-packages\flask\app.py", line 852, in dispatch_request
    return self.ensure_sync(self.view_functions[rule.endpoint])(**view_args)
           ^^^^^^^^^^^^^^^^^^^^^^^^^^^^^^^^^^^^^^^^^^^^^^^^^^^^^^^^^^^^^^^^^
  File "C:\Users\direct01\AppData\Local\Programs\Python\Python311\Lib\site-packages\flask_admin\base.py", line 69, in inner
    return self._run_view(f, *args, **kwargs)
           ^^^^^^^^^^^^^^^^^^^^^^^^^^^^^^^^^^
  File "C:\Users\direct01\AppData\Local\Programs\Python\Python311\Lib\site-packages\flask_admin\base.py", line 369, in _run_view
    return fn(self, *args, **kwargs)
           ^^^^^^^^^^^^^^^^^^^^^^^^^
  File "C:\Users\direct01\AppData\Local\Programs\Python\Python311\Lib\site-packages\flask_admin\model\base.py", line 2093, in create_view
    form = self.create_form()
           ^^^^^^^^^^^^^^^^^^
  File "C:\Users\direct01\AppData\Local\Programs\Python\Python311\Lib\site-packages\flask_admin\model\base.py", line 1332, in create_form
    return self._create_form_class(get_form_data(), obj=obj)
           ^^^^^^^^^^^^^^^^^^^^^^^^^^^^^^^^^^^^^^^^^^^^^^^^^
  File "C:\Users\direct01\AppData\Local\Programs\Python\Python311\Lib\site-packages\wtforms\form.py", line 209, in __call__
    return type.__call__(cls, *args, **kwargs)
           ^^^^^^^^^^^^^^^^^^^^^^^^^^^^^^^^^^^
  File "C:\Users\direct01\AppData\Local\Programs\Python\Python311\Lib\site-packages\flask_admin\form\__init__.py", line 22, in __init__
    super(BaseForm, self).__init__(formdata=formdata, obj=obj, prefix=prefix, **kwargs)
  File "C:\Users\direct01\AppData\Local\Programs\Python\Python311\Lib\site-packages\wtforms\form.py", line 281, in __init__
    super().__init__(self._unbound_fields, meta=meta_obj, prefix=prefix)
  File "C:\Users\direct01\AppData\Local\Programs\Python\Python311\Lib\site-packages\wtforms\form.py", line 49, in __init__
    field = meta.bind_field(self, unbound_field, options)
            ^^^^^^^^^^^^^^^^^^^^^^^^^^^^^^^^^^^^^^^^^^^^^
  File "C:\Users\direct01\AppData\Local\Programs\Python\Python311\Lib\site-packages\wtforms\meta.py", line 28, in bind_field
    return unbound_field.bind(form=form, **options)
           ^^^^^^^^^^^^^^^^^^^^^^^^^^^^^^^^^^^^^^^^
  File "C:\Users\direct01\AppData\Local\Programs\Python\Python311\Lib\site-packages\wtforms\fields\core.py", line 387, in bind
    return self.field_class(*self.args, **kw)
           ^^^^^^^^^^^^^^^^^^^^^^^^^^^^^^^^^^
  File "C:\Users\direct01\AppData\Local\Programs\Python\Python311\Lib\site-packages\wtforms\fields\core.py", line 133, in __init__
    for k, v in flags.items():
                ^^^^^^^^^^^
AttributeError: 'tuple' object has no attribute 'items'
[2026-02-09 12:57:03,155] INFO in logger: ==================================================
[2026-02-09 12:57:03,156] INFO in logger: Company Portal запущен в PRODUCTION режиме
[2026-02-09 12:57:03,156] INFO in logger: ==================================================
[2026-02-09 12:57:10,401] CRITICAL in app: Unhandled exception: 'tuple' object has no attribute 'items'
Traceback (most recent call last):
  File "C:\Users\direct01\AppData\Local\Programs\Python\Python311\Lib\site-packages\flask\app.py", line 867, in full_dispatch_request
    rv = self.dispatch_request()
         ^^^^^^^^^^^^^^^^^^^^^^^
  File "C:\Users\direct01\AppData\Local\Programs\Python\Python311\Lib\site-packages\flask\app.py", line 852, in dispatch_request
    return self.ensure_sync(self.view_functions[rule.endpoint])(**view_args)
           ^^^^^^^^^^^^^^^^^^^^^^^^^^^^^^^^^^^^^^^^^^^^^^^^^^^^^^^^^^^^^^^^^
  File "C:\Users\direct01\AppData\Local\Programs\Python\Python311\Lib\site-packages\flask_admin\base.py", line 69, in inner
    return self._run_view(f, *args, **kwargs)
           ^^^^^^^^^^^^^^^^^^^^^^^^^^^^^^^^^^
  File "C:\Users\direct01\AppData\Local\Programs\Python\Python311\Lib\site-packages\flask_admin\base.py", line 369, in _run_view
    return fn(self, *args, **kwargs)
           ^^^^^^^^^^^^^^^^^^^^^^^^^
  File "C:\Users\direct01\AppData\Local\Programs\Python\Python311\Lib\site-packages\flask_admin\model\base.py", line 2093, in create_view
    form = self.create_form()
           ^^^^^^^^^^^^^^^^^^
  File "C:\Users\direct01\AppData\Local\Programs\Python\Python311\Lib\site-packages\flask_admin\model\base.py", line 1332, in create_form
    return self._create_form_class(get_form_data(), obj=obj)
           ^^^^^^^^^^^^^^^^^^^^^^^^^^^^^^^^^^^^^^^^^^^^^^^^^
  File "C:\Users\direct01\AppData\Local\Programs\Python\Python311\Lib\site-packages\wtforms\form.py", line 209, in __call__
    return type.__call__(cls, *args, **kwargs)
           ^^^^^^^^^^^^^^^^^^^^^^^^^^^^^^^^^^^
  File "C:\Users\direct01\AppData\Local\Programs\Python\Python311\Lib\site-packages\flask_admin\form\__init__.py", line 22, in __init__
    super(BaseForm, self).__init__(formdata=formdata, obj=obj, prefix=prefix, **kwargs)
  File "C:\Users\direct01\AppData\Local\Programs\Python\Python311\Lib\site-packages\wtforms\form.py", line 281, in __init__
    super().__init__(self._unbound_fields, meta=meta_obj, prefix=prefix)
  File "C:\Users\direct01\AppData\Local\Programs\Python\Python311\Lib\site-packages\wtforms\form.py", line 49, in __init__
    field = meta.bind_field(self, unbound_field, options)
            ^^^^^^^^^^^^^^^^^^^^^^^^^^^^^^^^^^^^^^^^^^^^^
  File "C:\Users\direct01\AppData\Local\Programs\Python\Python311\Lib\site-packages\wtforms\meta.py", line 28, in bind_field
    return unbound_field.bind(form=form, **options)
           ^^^^^^^^^^^^^^^^^^^^^^^^^^^^^^^^^^^^^^^^
  File "C:\Users\direct01\AppData\Local\Programs\Python\Python311\Lib\site-packages\wtforms\fields\core.py", line 387, in bind
    return self.field_class(*self.args, **kw)
           ^^^^^^^^^^^^^^^^^^^^^^^^^^^^^^^^^^
  File "C:\Users\direct01\AppData\Local\Programs\Python\Python311\Lib\site-packages\wtforms\fields\core.py", line 133, in __init__
    for k, v in flags.items():
                ^^^^^^^^^^^
AttributeError: 'tuple' object has no attribute 'items'
[2026-02-09 12:57:13,572] CRITICAL in app: Unhandled exception: 'tuple' object has no attribute 'items'
Traceback (most recent call last):
  File "C:\Users\direct01\AppData\Local\Programs\Python\Python311\Lib\site-packages\flask\app.py", line 867, in full_dispatch_request
    rv = self.dispatch_request()
         ^^^^^^^^^^^^^^^^^^^^^^^
  File "C:\Users\direct01\AppData\Local\Programs\Python\Python311\Lib\site-packages\flask\app.py", line 852, in dispatch_request
    return self.ensure_sync(self.view_functions[rule.endpoint])(**view_args)
           ^^^^^^^^^^^^^^^^^^^^^^^^^^^^^^^^^^^^^^^^^^^^^^^^^^^^^^^^^^^^^^^^^
  File "C:\Users\direct01\AppData\Local\Programs\Python\Python311\Lib\site-packages\flask_admin\base.py", line 69, in inner
    return self._run_view(f, *args, **kwargs)
           ^^^^^^^^^^^^^^^^^^^^^^^^^^^^^^^^^^
  File "C:\Users\direct01\AppData\Local\Programs\Python\Python311\Lib\site-packages\flask_admin\base.py", line 369, in _run_view
    return fn(self, *args, **kwargs)
           ^^^^^^^^^^^^^^^^^^^^^^^^^
  File "C:\Users\direct01\AppData\Local\Programs\Python\Python311\Lib\site-packages\flask_admin\model\base.py", line 2093, in create_view
    form = self.create_form()
           ^^^^^^^^^^^^^^^^^^
  File "C:\Users\direct01\AppData\Local\Programs\Python\Python311\Lib\site-packages\flask_admin\model\base.py", line 1332, in create_form
    return self._create_form_class(get_form_data(), obj=obj)
           ^^^^^^^^^^^^^^^^^^^^^^^^^^^^^^^^^^^^^^^^^^^^^^^^^
  File "C:\Users\direct01\AppData\Local\Programs\Python\Python311\Lib\site-packages\wtforms\form.py", line 209, in __call__
    return type.__call__(cls, *args, **kwargs)
           ^^^^^^^^^^^^^^^^^^^^^^^^^^^^^^^^^^^
  File "C:\Users\direct01\AppData\Local\Programs\Python\Python311\Lib\site-packages\flask_admin\form\__init__.py", line 22, in __init__
    super(BaseForm, self).__init__(formdata=formdata, obj=obj, prefix=prefix, **kwargs)
  File "C:\Users\direct01\AppData\Local\Programs\Python\Python311\Lib\site-packages\wtforms\form.py", line 281, in __init__
    super().__init__(self._unbound_fields, meta=meta_obj, prefix=prefix)
  File "C:\Users\direct01\AppData\Local\Programs\Python\Python311\Lib\site-packages\wtforms\form.py", line 49, in __init__
    field = meta.bind_field(self, unbound_field, options)
            ^^^^^^^^^^^^^^^^^^^^^^^^^^^^^^^^^^^^^^^^^^^^^
  File "C:\Users\direct01\AppData\Local\Programs\Python\Python311\Lib\site-packages\wtforms\meta.py", line 28, in bind_field
    return unbound_field.bind(form=form, **options)
           ^^^^^^^^^^^^^^^^^^^^^^^^^^^^^^^^^^^^^^^^
  File "C:\Users\direct01\AppData\Local\Programs\Python\Python311\Lib\site-packages\wtforms\fields\core.py", line 387, in bind
    return self.field_class(*self.args, **kw)
           ^^^^^^^^^^^^^^^^^^^^^^^^^^^^^^^^^^
  File "C:\Users\direct01\AppData\Local\Programs\Python\Python311\Lib\site-packages\wtforms\fields\core.py", line 133, in __init__
    for k, v in flags.items():
                ^^^^^^^^^^^
AttributeError: 'tuple' object has no attribute 'items'
[2026-02-09 12:57:28,340] INFO in logger: ==================================================
[2026-02-09 12:57:28,342] INFO in logger: Company Portal запущен в PRODUCTION режиме
[2026-02-09 12:57:28,343] INFO in logger: ==================================================
[2026-02-09 12:57:32,105] INFO in logger: ==================================================
[2026-02-09 12:57:32,106] INFO in logger: Company Portal запущен в PRODUCTION режиме
[2026-02-09 12:57:32,106] INFO in logger: ==================================================
[2026-02-09 12:57:40,090] INFO in logger: ==================================================
[2026-02-09 12:57:40,090] INFO in logger: Company Portal запущен в PRODUCTION режиме
[2026-02-09 12:57:40,092] INFO in logger: ==================================================
[2026-02-09 12:57:44,435] CRITICAL in app: Unhandled exception: 'tuple' object has no attribute 'items'
Traceback (most recent call last):
  File "C:\Users\direct01\AppData\Local\Programs\Python\Python311\Lib\site-packages\flask\app.py", line 867, in full_dispatch_request
    rv = self.dispatch_request()
         ^^^^^^^^^^^^^^^^^^^^^^^
  File "C:\Users\direct01\AppData\Local\Programs\Python\Python311\Lib\site-packages\flask\app.py", line 852, in dispatch_request
    return self.ensure_sync(self.view_functions[rule.endpoint])(**view_args)
           ^^^^^^^^^^^^^^^^^^^^^^^^^^^^^^^^^^^^^^^^^^^^^^^^^^^^^^^^^^^^^^^^^
  File "C:\Users\direct01\AppData\Local\Programs\Python\Python311\Lib\site-packages\flask_admin\base.py", line 69, in inner
    return self._run_view(f, *args, **kwargs)
           ^^^^^^^^^^^^^^^^^^^^^^^^^^^^^^^^^^
  File "C:\Users\direct01\AppData\Local\Programs\Python\Python311\Lib\site-packages\flask_admin\base.py", line 369, in _run_view
    return fn(self, *args, **kwargs)
           ^^^^^^^^^^^^^^^^^^^^^^^^^
  File "C:\Users\direct01\AppData\Local\Programs\Python\Python311\Lib\site-packages\flask_admin\model\base.py", line 2093, in create_view
    form = self.create_form()
           ^^^^^^^^^^^^^^^^^^
  File "C:\Users\direct01\AppData\Local\Programs\Python\Python311\Lib\site-packages\flask_admin\model\base.py", line 1332, in create_form
    return self._create_form_class(get_form_data(), obj=obj)
           ^^^^^^^^^^^^^^^^^^^^^^^^^^^^^^^^^^^^^^^^^^^^^^^^^
  File "C:\Users\direct01\AppData\Local\Programs\Python\Python311\Lib\site-packages\wtforms\form.py", line 209, in __call__
    return type.__call__(cls, *args, **kwargs)
           ^^^^^^^^^^^^^^^^^^^^^^^^^^^^^^^^^^^
  File "C:\Users\direct01\AppData\Local\Programs\Python\Python311\Lib\site-packages\flask_admin\form\__init__.py", line 22, in __init__
    super(BaseForm, self).__init__(formdata=formdata, obj=obj, prefix=prefix, **kwargs)
  File "C:\Users\direct01\AppData\Local\Programs\Python\Python311\Lib\site-packages\wtforms\form.py", line 281, in __init__
    super().__init__(self._unbound_fields, meta=meta_obj, prefix=prefix)
  File "C:\Users\direct01\AppData\Local\Programs\Python\Python311\Lib\site-packages\wtforms\form.py", line 49, in __init__
    field = meta.bind_field(self, unbound_field, options)
            ^^^^^^^^^^^^^^^^^^^^^^^^^^^^^^^^^^^^^^^^^^^^^
  File "C:\Users\direct01\AppData\Local\Programs\Python\Python311\Lib\site-packages\wtforms\meta.py", line 28, in bind_field
    return unbound_field.bind(form=form, **options)
           ^^^^^^^^^^^^^^^^^^^^^^^^^^^^^^^^^^^^^^^^
  File "C:\Users\direct01\AppData\Local\Programs\Python\Python311\Lib\site-packages\wtforms\fields\core.py", line 387, in bind
    return self.field_class(*self.args, **kw)
           ^^^^^^^^^^^^^^^^^^^^^^^^^^^^^^^^^^
  File "C:\Users\direct01\AppData\Local\Programs\Python\Python311\Lib\site-packages\wtforms\fields\core.py", line 133, in __init__
    for k, v in flags.items():
                ^^^^^^^^^^^
AttributeError: 'tuple' object has no attribute 'items'
[2026-02-09 12:59:16,271] INFO in logger: ==================================================
[2026-02-09 12:59:16,273] INFO in logger: Company Portal запущен в PRODUCTION режиме
[2026-02-09 12:59:16,280] INFO in logger: ==================================================
[2026-02-09 12:59:20,851] INFO in logger: ==================================================
[2026-02-09 12:59:20,851] INFO in logger: Company Portal запущен в PRODUCTION режиме
[2026-02-09 12:59:20,852] INFO in logger: ==================================================
[2026-02-09 12:59:24,224] INFO in logger: ==================================================
[2026-02-09 12:59:24,225] INFO in logger: Company Portal запущен в PRODUCTION режиме
[2026-02-09 12:59:24,227] INFO in logger: ==================================================
[2026-02-09 12:59:30,423] INFO in logger: ==================================================
[2026-02-09 12:59:30,425] INFO in logger: Company Portal запущен в PRODUCTION режиме
[2026-02-09 12:59:30,425] INFO in logger: ==================================================
[2026-02-09 12:59:36,973] CRITICAL in app: Unhandled exception: 'tuple' object has no attribute 'items'
Traceback (most recent call last):
  File "C:\Users\direct01\AppData\Local\Programs\Python\Python311\Lib\site-packages\flask\app.py", line 867, in full_dispatch_request
    rv = self.dispatch_request()
         ^^^^^^^^^^^^^^^^^^^^^^^
  File "C:\Users\direct01\AppData\Local\Programs\Python\Python311\Lib\site-packages\flask\app.py", line 852, in dispatch_request
    return self.ensure_sync(self.view_functions[rule.endpoint])(**view_args)
           ^^^^^^^^^^^^^^^^^^^^^^^^^^^^^^^^^^^^^^^^^^^^^^^^^^^^^^^^^^^^^^^^^
  File "C:\Users\direct01\AppData\Local\Programs\Python\Python311\Lib\site-packages\flask_admin\base.py", line 69, in inner
    return self._run_view(f, *args, **kwargs)
           ^^^^^^^^^^^^^^^^^^^^^^^^^^^^^^^^^^
  File "C:\Users\direct01\AppData\Local\Programs\Python\Python311\Lib\site-packages\flask_admin\base.py", line 369, in _run_view
    return fn(self, *args, **kwargs)
           ^^^^^^^^^^^^^^^^^^^^^^^^^
  File "C:\Users\direct01\AppData\Local\Programs\Python\Python311\Lib\site-packages\flask_admin\model\base.py", line 2093, in create_view
    form = self.create_form()
           ^^^^^^^^^^^^^^^^^^
  File "C:\Users\direct01\AppData\Local\Programs\Python\Python311\Lib\site-packages\flask_admin\model\base.py", line 1332, in create_form
    return self._create_form_class(get_form_data(), obj=obj)
           ^^^^^^^^^^^^^^^^^^^^^^^^^^^^^^^^^^^^^^^^^^^^^^^^^
  File "C:\Users\direct01\AppData\Local\Programs\Python\Python311\Lib\site-packages\wtforms\form.py", line 209, in __call__
    return type.__call__(cls, *args, **kwargs)
           ^^^^^^^^^^^^^^^^^^^^^^^^^^^^^^^^^^^
  File "C:\Users\direct01\AppData\Local\Programs\Python\Python311\Lib\site-packages\flask_admin\form\__init__.py", line 22, in __init__
    super(BaseForm, self).__init__(formdata=formdata, obj=obj, prefix=prefix, **kwargs)
  File "C:\Users\direct01\AppData\Local\Programs\Python\Python311\Lib\site-packages\wtforms\form.py", line 281, in __init__
    super().__init__(self._unbound_fields, meta=meta_obj, prefix=prefix)
  File "C:\Users\direct01\AppData\Local\Programs\Python\Python311\Lib\site-packages\wtforms\form.py", line 49, in __init__
    field = meta.bind_field(self, unbound_field, options)
            ^^^^^^^^^^^^^^^^^^^^^^^^^^^^^^^^^^^^^^^^^^^^^
  File "C:\Users\direct01\AppData\Local\Programs\Python\Python311\Lib\site-packages\wtforms\meta.py", line 28, in bind_field
    return unbound_field.bind(form=form, **options)
           ^^^^^^^^^^^^^^^^^^^^^^^^^^^^^^^^^^^^^^^^
  File "C:\Users\direct01\AppData\Local\Programs\Python\Python311\Lib\site-packages\wtforms\fields\core.py", line 387, in bind
    return self.field_class(*self.args, **kw)
           ^^^^^^^^^^^^^^^^^^^^^^^^^^^^^^^^^^
  File "C:\Users\direct01\AppData\Local\Programs\Python\Python311\Lib\site-packages\wtforms\fields\core.py", line 133, in __init__
    for k, v in flags.items():
                ^^^^^^^^^^^
AttributeError: 'tuple' object has no attribute 'items'
[2026-02-09 12:59:51,143] CRITICAL in app: Unhandled exception: 'tuple' object has no attribute 'items'
Traceback (most recent call last):
  File "C:\Users\direct01\AppData\Local\Programs\Python\Python311\Lib\site-packages\flask\app.py", line 867, in full_dispatch_request
    rv = self.dispatch_request()
         ^^^^^^^^^^^^^^^^^^^^^^^
  File "C:\Users\direct01\AppData\Local\Programs\Python\Python311\Lib\site-packages\flask\app.py", line 852, in dispatch_request
    return self.ensure_sync(self.view_functions[rule.endpoint])(**view_args)
           ^^^^^^^^^^^^^^^^^^^^^^^^^^^^^^^^^^^^^^^^^^^^^^^^^^^^^^^^^^^^^^^^^
  File "C:\Users\direct01\AppData\Local\Programs\Python\Python311\Lib\site-packages\flask_admin\base.py", line 69, in inner
    return self._run_view(f, *args, **kwargs)
           ^^^^^^^^^^^^^^^^^^^^^^^^^^^^^^^^^^
  File "C:\Users\direct01\AppData\Local\Programs\Python\Python311\Lib\site-packages\flask_admin\base.py", line 369, in _run_view
    return fn(self, *args, **kwargs)
           ^^^^^^^^^^^^^^^^^^^^^^^^^
  File "C:\Users\direct01\AppData\Local\Programs\Python\Python311\Lib\site-packages\flask_admin\model\base.py", line 2149, in edit_view
    form = self.edit_form(obj=model)
           ^^^^^^^^^^^^^^^^^^^^^^^^^
  File "C:\Users\direct01\AppData\Local\Programs\Python\Python311\Lib\site-packages\flask_admin\model\base.py", line 1340, in edit_form
    return self._edit_form_class(get_form_data(), obj=obj)
           ^^^^^^^^^^^^^^^^^^^^^^^^^^^^^^^^^^^^^^^^^^^^^^^
  File "C:\Users\direct01\AppData\Local\Programs\Python\Python311\Lib\site-packages\wtforms\form.py", line 209, in __call__
    return type.__call__(cls, *args, **kwargs)
           ^^^^^^^^^^^^^^^^^^^^^^^^^^^^^^^^^^^
  File "C:\Users\direct01\AppData\Local\Programs\Python\Python311\Lib\site-packages\flask_admin\form\__init__.py", line 22, in __init__
    super(BaseForm, self).__init__(formdata=formdata, obj=obj, prefix=prefix, **kwargs)
  File "C:\Users\direct01\AppData\Local\Programs\Python\Python311\Lib\site-packages\wtforms\form.py", line 281, in __init__
    super().__init__(self._unbound_fields, meta=meta_obj, prefix=prefix)
  File "C:\Users\direct01\AppData\Local\Programs\Python\Python311\Lib\site-packages\wtforms\form.py", line 49, in __init__
    field = meta.bind_field(self, unbound_field, options)
            ^^^^^^^^^^^^^^^^^^^^^^^^^^^^^^^^^^^^^^^^^^^^^
  File "C:\Users\direct01\AppData\Local\Programs\Python\Python311\Lib\site-packages\wtforms\meta.py", line 28, in bind_field
    return unbound_field.bind(form=form, **options)
           ^^^^^^^^^^^^^^^^^^^^^^^^^^^^^^^^^^^^^^^^
  File "C:\Users\direct01\AppData\Local\Programs\Python\Python311\Lib\site-packages\wtforms\fields\core.py", line 387, in bind
    return self.field_class(*self.args, **kw)
           ^^^^^^^^^^^^^^^^^^^^^^^^^^^^^^^^^^
  File "C:\Users\direct01\AppData\Local\Programs\Python\Python311\Lib\site-packages\wtforms\fields\core.py", line 133, in __init__
    for k, v in flags.items():
                ^^^^^^^^^^^
AttributeError: 'tuple' object has no attribute 'items'
[2026-02-09 13:00:26,425] INFO in logger: ==================================================
[2026-02-09 13:00:26,427] INFO in logger: Company Portal запущен в PRODUCTION режиме
[2026-02-09 13:00:26,428] INFO in logger: ==================================================
[2026-02-09 13:01:39,815] INFO in logger: ==================================================
[2026-02-09 13:01:39,816] INFO in logger: Company Portal запущен в PRODUCTION режиме
[2026-02-09 13:01:39,816] INFO in logger: ==================================================
[2026-02-09 13:01:43,357] INFO in logger: ==================================================
[2026-02-09 13:01:43,358] INFO in logger: Company Portal запущен в PRODUCTION режиме
[2026-02-09 13:01:43,360] INFO in logger: ==================================================
[2026-02-09 13:01:50,278] INFO in logger: ==================================================
[2026-02-09 13:01:50,279] INFO in logger: Company Portal запущен в PRODUCTION режиме
[2026-02-09 13:01:50,279] INFO in logger: ==================================================
[2026-02-09 13:01:55,231] CRITICAL in app: Unhandled exception: 'tuple' object has no attribute 'items'
Traceback (most recent call last):
  File "C:\Users\direct01\AppData\Local\Programs\Python\Python311\Lib\site-packages\flask\app.py", line 867, in full_dispatch_request
    rv = self.dispatch_request()
         ^^^^^^^^^^^^^^^^^^^^^^^
  File "C:\Users\direct01\AppData\Local\Programs\Python\Python311\Lib\site-packages\flask\app.py", line 852, in dispatch_request
    return self.ensure_sync(self.view_functions[rule.endpoint])(**view_args)
           ^^^^^^^^^^^^^^^^^^^^^^^^^^^^^^^^^^^^^^^^^^^^^^^^^^^^^^^^^^^^^^^^^
  File "C:\Users\direct01\AppData\Local\Programs\Python\Python311\Lib\site-packages\flask_admin\base.py", line 69, in inner
    return self._run_view(f, *args, **kwargs)
           ^^^^^^^^^^^^^^^^^^^^^^^^^^^^^^^^^^
  File "C:\Users\direct01\AppData\Local\Programs\Python\Python311\Lib\site-packages\flask_admin\base.py", line 369, in _run_view
    return fn(self, *args, **kwargs)
           ^^^^^^^^^^^^^^^^^^^^^^^^^
  File "C:\Users\direct01\AppData\Local\Programs\Python\Python311\Lib\site-packages\flask_admin\model\base.py", line 2093, in create_view
    form = self.create_form()
           ^^^^^^^^^^^^^^^^^^
  File "C:\Users\direct01\AppData\Local\Programs\Python\Python311\Lib\site-packages\flask_admin\model\base.py", line 1332, in create_form
    return self._create_form_class(get_form_data(), obj=obj)
           ^^^^^^^^^^^^^^^^^^^^^^^^^^^^^^^^^^^^^^^^^^^^^^^^^
  File "C:\Users\direct01\AppData\Local\Programs\Python\Python311\Lib\site-packages\wtforms\form.py", line 209, in __call__
    return type.__call__(cls, *args, **kwargs)
           ^^^^^^^^^^^^^^^^^^^^^^^^^^^^^^^^^^^
  File "C:\Users\direct01\AppData\Local\Programs\Python\Python311\Lib\site-packages\flask_admin\form\__init__.py", line 22, in __init__
    super(BaseForm, self).__init__(formdata=formdata, obj=obj, prefix=prefix, **kwargs)
  File "C:\Users\direct01\AppData\Local\Programs\Python\Python311\Lib\site-packages\wtforms\form.py", line 281, in __init__
    super().__init__(self._unbound_fields, meta=meta_obj, prefix=prefix)
  File "C:\Users\direct01\AppData\Local\Programs\Python\Python311\Lib\site-packages\wtforms\form.py", line 49, in __init__
    field = meta.bind_field(self, unbound_field, options)
            ^^^^^^^^^^^^^^^^^^^^^^^^^^^^^^^^^^^^^^^^^^^^^
  File "C:\Users\direct01\AppData\Local\Programs\Python\Python311\Lib\site-packages\wtforms\meta.py", line 28, in bind_field
    return unbound_field.bind(form=form, **options)
           ^^^^^^^^^^^^^^^^^^^^^^^^^^^^^^^^^^^^^^^^
  File "C:\Users\direct01\AppData\Local\Programs\Python\Python311\Lib\site-packages\wtforms\fields\core.py", line 387, in bind
    return self.field_class(*self.args, **kw)
           ^^^^^^^^^^^^^^^^^^^^^^^^^^^^^^^^^^
  File "C:\Users\direct01\AppData\Local\Programs\Python\Python311\Lib\site-packages\wtforms\fields\core.py", line 133, in __init__
    for k, v in flags.items():
                ^^^^^^^^^^^
AttributeError: 'tuple' object has no attribute 'items'
